core_cm0plus.h:745:22:NVIC_EnableIRQ	16	static
core_cm0plus.h:804:22:NVIC_SetPriority	24	static
fsl_clock.h:584:20:CLOCK_EnableClock	24	static
fsl_common.h:212:20:EnableIRQ	16	static
fsl_dac.h:210:20:DAC_Enable	16	static
fsl_port.h:389:20:PORT_SetPinInterruptConfig	24	static
fsl_gpio.h:157:20:GPIO_WritePinOutput	24	static
fsl_gpio.h:197:20:GPIO_TogglePinsOutput	16	static
fsl_adc16.h:382:20:ADC16_EnableHardwareTrigger	16	static
fsl_adc16.h:500:24:ADC16_GetChannelConversionValue	16	static
fsl_lptmr.h:199:20:LPTMR_EnableInterrupts	24	static
freertos_tickless.c:149:6:ADC_Init	8	static
freertos_tickless.c:183:5:main	40	static
freertos_tickless.c:245:13:DAC_TRANSFER_task	16	static
freertos_tickless.c:272:13:SW_task	16	static
freertos_tickless.c:289:6:PORTA_IRQHandler	16	static
freertos_tickless.c:305:6:LPTMR0_IRQHandler	8	static
freertos_tickless.c:316:13:vPortGetLptrmBase	8	static
freertos_tickless.c:327:11:vPortGetLptmrIrqn	8	static
