Archive member included to satisfy reference by file (symbol)

c:/nxp/mcuxpressoide_11.0.1_2563/ide/plugins/com.nxp.mcuxpresso.tools.win32_11.0.1.201907311258/tools/bin/../lib/gcc/arm-none-eabi/8.2.1/../../../../arm-none-eabi/lib/thumb/v6-m/nofp\libcr_semihost_nf.a(_cr__main.o)
                              ./startup/startup_mkl25z4.o (__main)
c:/nxp/mcuxpressoide_11.0.1_2563/ide/plugins/com.nxp.mcuxpresso.tools.win32_11.0.1.201907311258/tools/bin/../lib/gcc/arm-none-eabi/8.2.1/../../../../arm-none-eabi/lib/thumb/v6-m/nofp\libcr_semihost_nf.a(_cr_assert.o)
                              ./source/freertos_tickless.o (__assertion_failed)
c:/nxp/mcuxpressoide_11.0.1_2563/ide/plugins/com.nxp.mcuxpresso.tools.win32_11.0.1.201907311258/tools/bin/../lib/gcc/arm-none-eabi/8.2.1/../../../../arm-none-eabi/lib/thumb/v6-m/nofp\libcr_semihost_nf.a(__ciob.o)
                              c:/nxp/mcuxpressoide_11.0.1_2563/ide/plugins/com.nxp.mcuxpresso.tools.win32_11.0.1.201907311258/tools/bin/../lib/gcc/arm-none-eabi/8.2.1/../../../../arm-none-eabi/lib/thumb/v6-m/nofp\libcr_semihost_nf.a(_cr_assert.o) (__Ciob)
c:/nxp/mcuxpressoide_11.0.1_2563/ide/plugins/com.nxp.mcuxpresso.tools.win32_11.0.1.201907311258/tools/bin/../lib/gcc/arm-none-eabi/8.2.1/../../../../arm-none-eabi/lib/thumb/v6-m/nofp\libcr_semihost_nf.a(__sys_appexit.o)
                              c:/nxp/mcuxpressoide_11.0.1_2563/ide/plugins/com.nxp.mcuxpresso.tools.win32_11.0.1.201907311258/tools/bin/../lib/gcc/arm-none-eabi/8.2.1/../../../../arm-none-eabi/lib/thumb/v6-m/nofp\libcr_semihost_nf.a(_cr_assert.o) (__sys_appexit)
c:/nxp/mcuxpressoide_11.0.1_2563/ide/plugins/com.nxp.mcuxpresso.tools.win32_11.0.1.201907311258/tools/bin/../lib/gcc/arm-none-eabi/8.2.1/../../../../arm-none-eabi/lib/thumb/v6-m/nofp\libcr_c.a(memcpy.o)
                              ./freertos/queue.o (memcpy)
c:/nxp/mcuxpressoide_11.0.1_2563/ide/plugins/com.nxp.mcuxpresso.tools.win32_11.0.1.201907311258/tools/bin/../lib/gcc/arm-none-eabi/8.2.1/../../../../arm-none-eabi/lib/thumb/v6-m/nofp\libcr_c.a(memset.o)
                              ./freertos/tasks.o (memset)
c:/nxp/mcuxpressoide_11.0.1_2563/ide/plugins/com.nxp.mcuxpresso.tools.win32_11.0.1.201907311258/tools/bin/../lib/gcc/arm-none-eabi/8.2.1/../../../../arm-none-eabi/lib/thumb/v6-m/nofp\libcr_c.a(_deferredlazyseek.o)
                              c:/nxp/mcuxpressoide_11.0.1_2563/ide/plugins/com.nxp.mcuxpresso.tools.win32_11.0.1.201907311258/tools/bin/../lib/gcc/arm-none-eabi/8.2.1/../../../../arm-none-eabi/lib/thumb/v6-m/nofp\libcr_semihost_nf.a(_cr_assert.o) (__flsbuf)
c:/nxp/mcuxpressoide_11.0.1_2563/ide/plugins/com.nxp.mcuxpresso.tools.win32_11.0.1.201907311258/tools/bin/../lib/gcc/arm-none-eabi/8.2.1/../../../../arm-none-eabi/lib/thumb/v6-m/nofp\libcr_c.a(_fflush.o)
                              c:/nxp/mcuxpressoide_11.0.1_2563/ide/plugins/com.nxp.mcuxpresso.tools.win32_11.0.1.201907311258/tools/bin/../lib/gcc/arm-none-eabi/8.2.1/../../../../arm-none-eabi/lib/thumb/v6-m/nofp\libcr_c.a(_deferredlazyseek.o) (_fflush)
c:/nxp/mcuxpressoide_11.0.1_2563/ide/plugins/com.nxp.mcuxpresso.tools.win32_11.0.1.201907311258/tools/bin/../lib/gcc/arm-none-eabi/8.2.1/../../../../arm-none-eabi/lib/thumb/v6-m/nofp\libcr_c.a(_writebuf.o)
                              c:/nxp/mcuxpressoide_11.0.1_2563/ide/plugins/com.nxp.mcuxpresso.tools.win32_11.0.1.201907311258/tools/bin/../lib/gcc/arm-none-eabi/8.2.1/../../../../arm-none-eabi/lib/thumb/v6-m/nofp\libcr_c.a(_deferredlazyseek.o) (_Cwritebuf)
c:/nxp/mcuxpressoide_11.0.1_2563/ide/plugins/com.nxp.mcuxpresso.tools.win32_11.0.1.201907311258/tools/bin/../lib/gcc/arm-none-eabi/8.2.1/../../../../arm-none-eabi/lib/thumb/v6-m/nofp\libcr_c.a(alloc.o)
                              c:/nxp/mcuxpressoide_11.0.1_2563/ide/plugins/com.nxp.mcuxpresso.tools.win32_11.0.1.201907311258/tools/bin/../lib/gcc/arm-none-eabi/8.2.1/../../../../arm-none-eabi/lib/thumb/v6-m/nofp\libcr_c.a(_deferredlazyseek.o) (_Csys_alloc)
c:/nxp/mcuxpressoide_11.0.1_2563/ide/plugins/com.nxp.mcuxpresso.tools.win32_11.0.1.201907311258/tools/bin/../lib/gcc/arm-none-eabi/8.2.1/../../../../arm-none-eabi/lib/thumb/v6-m/nofp\libcr_c.a(fputs.o)
                              c:/nxp/mcuxpressoide_11.0.1_2563/ide/plugins/com.nxp.mcuxpresso.tools.win32_11.0.1.201907311258/tools/bin/../lib/gcc/arm-none-eabi/8.2.1/../../../../arm-none-eabi/lib/thumb/v6-m/nofp\libcr_semihost_nf.a(_cr_assert.o) (fputs)
c:/nxp/mcuxpressoide_11.0.1_2563/ide/plugins/com.nxp.mcuxpresso.tools.win32_11.0.1.201907311258/tools/bin/../lib/gcc/arm-none-eabi/8.2.1/../../../../arm-none-eabi/lib/thumb/v6-m/nofp\libcr_c.a(fseek.o)
                              c:/nxp/mcuxpressoide_11.0.1_2563/ide/plugins/com.nxp.mcuxpresso.tools.win32_11.0.1.201907311258/tools/bin/../lib/gcc/arm-none-eabi/8.2.1/../../../../arm-none-eabi/lib/thumb/v6-m/nofp\libcr_c.a(_deferredlazyseek.o) (fseek)
[...]
Memory Configuration

Name             Origin             Length             Attributes
PROGRAM_FLASH    0x00000000         0x00020000         xr
SRAM             0x1ffff000         0x00004000         xrw
*default*        0x00000000         0xffffffff

Linker script and memory map

LOAD ./utilities/fsl_debug_console.o
LOAD ./startup/startup_mkl25z4.o
LOAD ./source/freertos_tickless.o
LOAD ./source/mtb.o
LOAD ./source/semihost_hardfault.o
LOAD ./freertos/croutine.o
LOAD ./freertos/event_groups.o
LOAD ./freertos/fsl_tickless_lptmr.o
LOAD ./freertos/fsl_tickless_systick.o
LOAD ./freertos/heap_4.o
LOAD ./freertos/list.o
LOAD ./freertos/port.o
LOAD ./freertos/queue.o
LOAD ./freertos/tasks.o
LOAD ./freertos/timers.o
LOAD ./drivers/fsl_adc16.o
LOAD ./drivers/fsl_clock.o
LOAD ./drivers/fsl_common.o
LOAD ./drivers/fsl_dac.o
LOAD ./drivers/fsl_flash.o
LOAD ./drivers/fsl_gpio.o
LOAD ./drivers/fsl_lpsci.o
LOAD ./drivers/fsl_lpsci_freertos.o
LOAD ./drivers/fsl_lptmr.o
LOAD ./drivers/fsl_smc.o
LOAD ./drivers/fsl_uart.o
LOAD ./drivers/fsl_uart_freertos.o
LOAD ./board/board.o
LOAD ./board/clock_config.o
LOAD ./board/pin_mux.o
LOAD ./CMSIS/system_MKL25Z4.o
START GROUP
LOAD c:/nxp/mcuxpressoide_11.0.1_2563/ide/plugins/com.nxp.mcuxpresso.tools.win32_11.0.1.201907311258/tools/bin/../lib/gcc/arm-none-eabi/8.2.1/../../../../arm-none-eabi/lib/thumb/v6-m/nofp\libcr_semihost_nf.a
LOAD c:/nxp/mcuxpressoide_11.0.1_2563/ide/plugins/com.nxp.mcuxpresso.tools.win32_11.0.1.201907311258/tools/bin/../lib/gcc/arm-none-eabi/8.2.1/../../../../arm-none-eabi/lib/thumb/v6-m/nofp\libcr_c.a
LOAD c:/nxp/mcuxpressoide_11.0.1_2563/ide/plugins/com.nxp.mcuxpresso.tools.win32_11.0.1.201907311258/tools/bin/../lib/gcc/arm-none-eabi/8.2.1/thumb/v6-m/nofp\libcr_eabihelpers.a
LOAD c:/nxp/mcuxpressoide_11.0.1_2563/ide/plugins/com.nxp.mcuxpresso.tools.win32_11.0.1.201907311258/tools/bin/../lib/gcc/arm-none-eabi/8.2.1/thumb/v6-m/nofp\libgcc.a
END GROUP
                0x00000000                __base_PROGRAM_FLASH = 0x0
                0x00000000                __base_Flash = 0x0
                0x00020000                __top_PROGRAM_FLASH = 0x20000
                0x00020000                __top_Flash = 0x20000
                0x1ffff000                __base_SRAM = 0x1ffff000
                0x1ffff000                __base_RAM = 0x1ffff000
                0x20003000                __top_SRAM = 0x20003000
                0x20003000                __top_RAM = 0x20003000

.text           0x00000000     0x75e4
 FILL mask 0xff
                0x00000000                __vectors_start__ = ABSOLUTE (.)
 *(SORT_BY_ALIGNMENT(.isr_vector))
 .isr_vector    0x00000000       0xc0 ./startup/startup_mkl25z4.o
                0x00000000                g_pfnVectors
                0x00000000                __Vectors
                0x000000c0                . = ALIGN (0x4)
                0x000000c0                __section_table_start = .
                0x000000c0                __data_section_table = .
                0x000000c0        0x4 LONG 0x75e4 LOADADDR (.data)
                0x000000c4        0x4 LONG 0x1ffff080 ADDR (.data)
                0x000000c8        0x4 LONG 0xc SIZEOF (.data)
                0x000000cc                __data_section_table_end = .
                0x000000cc                __bss_section_table = .
                0x000000cc        0x4 LONG 0x1ffff08c ADDR (.bss)
                0x000000d0        0x4 LONG 0x2ab4 SIZEOF (.bss)
                0x000000d4                __bss_section_table_end = .
                0x000000d4                __section_table_end = .
 *(SORT_BY_ALIGNMENT(.after_vectors*))
 .after_vectors.reset
                0x000000d4       0x4c ./startup/startup_mkl25z4.o
                0x000000d4                ResetISR
 .after_vectors.init_data
                0x00000120       0x12 ./startup/startup_mkl25z4.o
                0x00000120                data_init
 .after_vectors.init_bss
                0x00000132       0x10 ./startup/startup_mkl25z4.o
                0x00000132                bss_init
 .after_vectors
                0x00000142      0x10c ./startup/startup_mkl25z4.o
                0x00000142                NMI_Handler
                0x0000014c                I2C0_DriverIRQHandler
                0x0000014c                DMA0_DriverIRQHandler
                0x0000014c                SPI1_DriverIRQHandler
                0x0000014c                LPTMR0_DriverIRQHandler
                0x0000014c                Reserved39_DriverIRQHandler
                0x0000014c                PIT_DriverIRQHandler
                0x0000014c                PORTD_DriverIRQHandler
                0x0000014c                DMA2_DriverIRQHandler
                0x0000014c                CMP0_DriverIRQHandler
                0x0000014c                TPM2_DriverIRQHandler
                0x0000014c                ADC0_DriverIRQHandler
                0x0000014c                SPI0_DriverIRQHandler
                0x0000014c                TSI0_DriverIRQHandler
                0x0000014c                RTC_Seconds_DriverIRQHandler
                0x0000014c                I2C1_DriverIRQHandler
                0x0000014c                DMA3_DriverIRQHandler
                0x0000014c                LLWU_DriverIRQHandler
                0x0000014c                MCG_DriverIRQHandler
                0x0000014c                DMA1_DriverIRQHandler
                0x0000014c                RTC_DriverIRQHandler
                0x0000014c                TPM1_DriverIRQHandler
                0x0000014c                FTFA_DriverIRQHandler
                0x0000014c                IntDefaultHandler
                0x0000014c                USB0_DriverIRQHandler
                0x0000014c                DAC0_DriverIRQHandler
                0x0000014c                PORTA_DriverIRQHandler
                0x0000014c                LVD_LVW_DriverIRQHandler
                0x0000014c                TPM0_DriverIRQHandler
                0x0000014c                Reserved45_DriverIRQHandler
                0x0000014c                Reserved20_DriverIRQHandler
                0x0000014e                DMA0_IRQHandler
                0x00000156                DMA1_IRQHandler
                0x0000015e                DMA2_IRQHandler
                0x00000166                DMA3_IRQHandler
                0x0000016e                Reserved20_IRQHandler
                0x00000176                FTFA_IRQHandler
                0x0000017e                LVD_LVW_IRQHandler
                0x00000186                LLWU_IRQHandler
                0x0000018e                I2C0_IRQHandler
                0x00000196                I2C1_IRQHandler
                0x0000019e                SPI0_IRQHandler
                0x000001a6                SPI1_IRQHandler
                0x000001ae                UART0_IRQHandler
                0x000001b6                UART1_IRQHandler
                0x000001be                UART2_IRQHandler
                0x000001c6                ADC0_IRQHandler
                0x000001ce                CMP0_IRQHandler
                0x000001d6                TPM0_IRQHandler
                0x000001de                TPM1_IRQHandler
                0x000001e6                TPM2_IRQHandler
                0x000001ee                RTC_IRQHandler
                0x000001f6                RTC_Seconds_IRQHandler
                0x000001fe                PIT_IRQHandler
                0x00000206                Reserved39_IRQHandler
                0x0000020e                USB0_IRQHandler
                0x00000216                DAC0_IRQHandler
                0x0000021e                TSI0_IRQHandler
                0x00000226                MCG_IRQHandler
                0x00000236                Reserved45_IRQHandler
                0x00000246                PORTD_IRQHandler
                0x00000400                . = 0x400
 *fill*         0x0000024e      0x1b2 ff
                0x00000400                PROVIDE (__FLASH_CONFIG_START__ = .)
 *(SORT_BY_ALIGNMENT(.FlashConfig))
 .FlashConfig   0x00000400       0x10 ./startup/startup_mkl25z4.o
                0x00000400                Flash_Config
                0x00000410                PROVIDE (__FLASH_CONFIG_END__ = .)
                0x00000001                ASSERT (! ((__FLASH_CONFIG_START__ == __FLASH_CONFIG_END__)), Linker Flash Config Support Enabled, but no .FlashConfig section provided within application)
 *(SORT_BY_ALIGNMENT(.text*))
 .text.vPortStartFirstTask
                0x00000410       0x38 ./freertos/port.o
 *fill*         0x00000448        0x8 ff
 .text.PendSV_Handler
                0x00000450       0x48 ./freertos/port.o
                0x00000450                PendSV_Handler
 .text.DbgConsole_Init
                0x00000498       0xf0 ./utilities/fsl_debug_console.o
                0x00000498                DbgConsole_Init
 .text.NVIC_EnableIRQ
                0x00000588       0x2c ./source/freertos_tickless.o
 .text.NVIC_SetPriority
                0x000005b4       0xdc ./source/freertos_tickless.o
 .text.CLOCK_EnableClock
                0x00000690       0x34 ./source/freertos_tickless.o
 .text.PORT_SetPinInterruptConfig
                0x000006c4       0x40 ./source/freertos_tickless.o
 .text.ADC16_GetChannelConversionValue
                0x00000704       0x30 ./source/freertos_tickless.o
 .text.ADC_Init
                0x00000734       0x78 ./source/freertos_tickless.o
                0x00000734                ADC_Init
 .text.main     0x000007ac      0x130 ./source/freertos_tickless.o
                0x000007ac                main
 .text.DAC_TRANSFER_task
                0x000008dc       0xec ./source/freertos_tickless.o
 .text.SW_task  0x000009c8       0x40 ./source/freertos_tickless.o
 .text.PORTA_IRQHandler
                0x00000a08       0x38 ./source/freertos_tickless.o
                0x00000a08                PORTA_IRQHandler
 .text.vPortGetLptrmBase
                0x00000a40       0x10 ./source/freertos_tickless.o
                0x00000a40                vPortGetLptrmBase
 .text.HardFault_Handler
                0x00000a50       0x30 ./source/semihost_hardfault.o
                0x00000a50                HardFault_Handler
 .text.NVIC_EnableIRQ
                0x00000a80       0x2c ./freertos/fsl_tickless_lptmr.o
 .text.LPTMR_SetTimerPeriod
                0x00000aac       0x2c ./freertos/fsl_tickless_lptmr.o
 .text.vPortLptmrIsr
                0x00000ad8       0x24 ./freertos/fsl_tickless_lptmr.o
                0x00000ad8                vPortLptmrIsr
 .text.vPortSuppressTicksAndSleep
                0x00000afc      0x144 ./freertos/fsl_tickless_lptmr.o
                0x00000afc                vPortSuppressTicksAndSleep
 .text.prvSetupTimerInterrupt
                0x00000c40       0x8c ./freertos/fsl_tickless_lptmr.o
                0x00000c40                prvSetupTimerInterrupt
 .text.pvPortMalloc
                0x00000ccc      0x14c ./freertos/heap_4.o
                0x00000ccc                pvPortMalloc
 .text.vPortFree
                0x00000e18       0x90 ./freertos/heap_4.o
                0x00000e18                vPortFree
 .text.prvHeapInit
                0x00000ea8       0xc0 ./freertos/heap_4.o
 .text.prvInsertBlockIntoFreeList
                0x00000f68       0xb0 ./freertos/heap_4.o
 .text.pxPortInitialiseStack
                0x00001018       0x54 ./freertos/port.o
                0x00001018                pxPortInitialiseStack
 .text.prvTaskExitError
                0x0000106c       0x18 ./freertos/port.o
 .text.xPortStartScheduler
                0x00001084       0x44 ./freertos/port.o
                0x00001084                xPortStartScheduler
 .text.vPortYield
                0x000010c8       0x20 ./freertos/port.o
                0x000010c8                vPortYield
 .text.vPortEnterCritical
                0x000010e8       0x24 ./freertos/port.o
                0x000010e8                vPortEnterCritical
 .text.vPortExitCritical
                0x0000110c       0x30 ./freertos/port.o
                0x0000110c                vPortExitCritical
 .text.SysTick_Handler
                0x0000113c       0x34 ./freertos/port.o
                0x0000113c                SysTick_Handler
 .text.vQueueAddToRegistry
                0x00001170       0x50 ./freertos/queue.o
                0x00001170                vQueueAddToRegistry
 .text.prvInitialiseNewTask
                0x000011c0      0x12c ./freertos/tasks.o
 .text.prvAddNewTaskToReadyList
                0x000012ec       0xd0 ./freertos/tasks.o
 .text.vTaskDelay
                0x000013bc       0x4c ./freertos/tasks.o
                0x000013bc                vTaskDelay
 .text.vTaskStartScheduler
                0x00001408       0x78 ./freertos/tasks.o
                0x00001408                vTaskStartScheduler
 .text.vTaskSuspendAll
                0x00001480       0x18 ./freertos/tasks.o
                0x00001480                vTaskSuspendAll
 .text.prvGetExpectedIdleTime
                0x00001498       0x6c ./freertos/tasks.o
 .text.xTaskResumeAll
                0x00001504      0x118 ./freertos/tasks.o
                0x00001504                xTaskResumeAll
 .text.xTaskGetTickCount
                0x0000161c       0x1c ./freertos/tasks.o
                0x0000161c                xTaskGetTickCount
 .text.vTaskStepTick
                0x00001638       0x38 ./freertos/tasks.o
                0x00001638                vTaskStepTick
 .text.xTaskIncrementTick
                0x00001670      0x14c ./freertos/tasks.o
                0x00001670                xTaskIncrementTick
 .text.vTaskSwitchContext
                0x000017bc       0xa4 ./freertos/tasks.o
                0x000017bc                vTaskSwitchContext
 .text.vTaskPlaceOnEventList
                0x00001860       0x3c ./freertos/tasks.o
                0x00001860                vTaskPlaceOnEventList
 .text.vTaskPlaceOnEventListRestricted
                0x0000189c       0x4c ./freertos/tasks.o
                0x0000189c                vTaskPlaceOnEventListRestricted
 .text.xTaskRemoveFromEventList
                0x000018e8       0xbc ./freertos/tasks.o
                0x000018e8                xTaskRemoveFromEventList
 .text.vTaskSetTimeOutState
                0x000019a4       0x34 ./freertos/tasks.o
                0x000019a4                vTaskSetTimeOutState
 .text.xTaskCheckForTimeOut
                0x000019d8       0x9c ./freertos/tasks.o
                0x000019d8                xTaskCheckForTimeOut
 .text.vTaskMissedYield
                0x00001a74       0x14 ./freertos/tasks.o
                0x00001a74                vTaskMissedYield
 .text.prvIdleTask
                0x00001a88       0x64 ./freertos/tasks.o
 .text.eTaskConfirmSleepModeStatus
                0x00001aec       0x64 ./freertos/tasks.o
                0x00001aec                eTaskConfirmSleepModeStatus
 .text.prvInitialiseTaskLists
                0x00001b50       0x88 ./freertos/tasks.o
 .text.prvCheckTasksWaitingTermination
                0x00001bd8       0x74 ./freertos/tasks.o
 .text.prvResetNextTaskUnblockTime
                0x00001c4c       0x48 ./freertos/tasks.o
 .text.xTaskGetSchedulerState
                0x00001c94       0x38 ./freertos/tasks.o
                0x00001c94                xTaskGetSchedulerState
 .text.vTaskPriorityInherit
                0x00001ccc       0xbc ./freertos/tasks.o
                0x00001ccc                vTaskPriorityInherit
 .text.xTaskPriorityDisinherit
                0x00001d88       0xb8 ./freertos/tasks.o
                0x00001d88                xTaskPriorityDisinherit
 .text.pvTaskIncrementMutexHeldCount
                0x00001e40       0x24 ./freertos/tasks.o
                0x00001e40                pvTaskIncrementMutexHeldCount
 .text.prvAddCurrentTaskToDelayedList
                0x00001e64       0xa8 ./freertos/tasks.o
 .text.xTimerCreateTimerTask
                0x00001f0c       0x54 ./freertos/timers.o
                0x00001f0c                xTimerCreateTimerTask
 .text.xTimerGenericCommand
                0x00001f60       0x94 ./freertos/timers.o
                0x00001f60                xTimerGenericCommand
 .text.prvProcessExpiredTimer
                0x00001ff4       0x70 ./freertos/timers.o
 .text.prvProcessTimerOrBlockTask
                0x00002064       0x8c ./freertos/timers.o
 .text.prvGetNextExpireTime
                0x000020f0       0x40 ./freertos/timers.o
 .text.prvSampleTimeNow
                0x00002130       0x40 ./freertos/timers.o
 .text.prvInsertTimerInActiveList
                0x00002170       0x84 ./freertos/timers.o
 .text.prvProcessReceivedCommands
                0x000021f4      0x124 ./freertos/timers.o
 .text.prvSwitchTimerLists
                0x00002318       0xb4 ./freertos/timers.o
 .text.prvCheckForValidListAndQueue
                0x000023cc       0x74 ./freertos/timers.o
 .text.CLOCK_EnableClock
                0x00002440       0x34 ./drivers/fsl_adc16.o
 .text.ADC16_GetInstance
                0x00002474       0x48 ./drivers/fsl_adc16.o
 .text.ADC16_Init
                0x000024bc      0x114 ./drivers/fsl_adc16.o
                0x000024bc                ADC16_Init
 .text.ADC16_GetDefaultConfig
                0x000025d0       0x58 ./drivers/fsl_adc16.o
                0x000025d0                ADC16_GetDefaultConfig
 .text.ADC16_SetChannelConfig
                0x00002628       0x6c ./drivers/fsl_adc16.o
                0x00002628                ADC16_SetChannelConfig
 .text.ADC16_GetChannelStatusFlags
                0x00002694       0x40 ./drivers/fsl_adc16.o
                0x00002694                ADC16_GetChannelStatusFlags
 .text.CLOCK_SetEr32kClock
                0x000026d4       0x34 ./drivers/fsl_clock.o
 .text.CLOCK_SetPllFllSelClock
                0x00002708       0x38 ./drivers/fsl_clock.o
 .text.CLOCK_GetMcgExtClkFreq
                0x00002740       0x28 ./drivers/fsl_clock.o
 .text.CLOCK_GetFllExtRefClkFreq
                0x00002768       0xa4 ./drivers/fsl_clock.o
 .text.CLOCK_GetFllRefClkFreq
                0x0000280c       0x2c ./drivers/fsl_clock.o
 .text.CLOCK_GetOscRangeFromFreq
                0x00002838       0x4c ./drivers/fsl_clock.o
 .text.CLOCK_GetPllFllSelClkFreq
                0x00002884       0x4c ./drivers/fsl_clock.o
                0x00002884                CLOCK_GetPllFllSelClkFreq
 .text.CLOCK_SetSimConfig
                0x000028d0       0x38 ./drivers/fsl_clock.o
                0x000028d0                CLOCK_SetSimConfig
 .text.CLOCK_GetFllFreq
                0x00002908       0x84 ./drivers/fsl_clock.o
                0x00002908                CLOCK_GetFllFreq
 .text.CLOCK_GetPll0Freq
                0x0000298c       0x70 ./drivers/fsl_clock.o
                0x0000298c                CLOCK_GetPll0Freq
 .text.CLOCK_SetInternalRefClkConfig
                0x000029fc      0x124 ./drivers/fsl_clock.o
                0x000029fc                CLOCK_SetInternalRefClkConfig
 .text.CLOCK_EnablePll0
                0x00002b20       0x90 ./drivers/fsl_clock.o
                0x00002b20                CLOCK_EnablePll0
 .text.CLOCK_InitOsc0
                0x00002bb0       0x94 ./drivers/fsl_clock.o
                0x00002bb0                CLOCK_InitOsc0
 .text.CLOCK_SetPbeMode
                0x00002c44       0xb0 ./drivers/fsl_clock.o
                0x00002c44                CLOCK_SetPbeMode
 .text.CLOCK_BootToPeeMode
                0x00002cf4       0x70 ./drivers/fsl_clock.o
                0x00002cf4                CLOCK_BootToPeeMode
 .text.CLOCK_EnableClock
                0x00002d64       0x34 ./drivers/fsl_dac.o
 .text.DAC_GetInstance
                0x00002d98       0x48 ./drivers/fsl_dac.o
 .text.DAC_Init
                0x00002de0       0x80 ./drivers/fsl_dac.o
                0x00002de0                DAC_Init
 .text.DAC_GetDefaultConfig
                0x00002e60       0x30 ./drivers/fsl_dac.o
                0x00002e60                DAC_GetDefaultConfig
 .text.DAC_SetBufferValue
                0x00002e90       0x64 ./drivers/fsl_dac.o
                0x00002e90                DAC_SetBufferValue
 .text.DAC_SetBufferReadPointer
                0x00002ef4       0x60 ./drivers/fsl_dac.o
                0x00002ef4                DAC_SetBufferReadPointer
 .text.GPIO_GetInstance
                0x00002f54       0x4c ./drivers/fsl_gpio.o
 .text.GPIO_PinInit
                0x00002fa0       0x64 ./drivers/fsl_gpio.o
                0x00002fa0                GPIO_PinInit
 .text.GPIO_ClearPinsInterruptFlags
                0x00003004       0x3c ./drivers/fsl_gpio.o
                0x00003004                GPIO_ClearPinsInterruptFlags
 .text.CLOCK_EnableClock
                0x00003040       0x34 ./drivers/fsl_lpsci.o
 .text.LPSCI_GetInstance
                0x00003074       0x48 ./drivers/fsl_lpsci.o
                0x00003074                LPSCI_GetInstance
 .text.LPSCI_Init
                0x000030bc      0x258 ./drivers/fsl_lpsci.o
                0x000030bc                LPSCI_Init
 .text.LPSCI_GetDefaultConfig
                0x00003314       0x44 ./drivers/fsl_lpsci.o
                0x00003314                LPSCI_GetDefaultConfig
 .text.LPSCI_ClearStatusFlags
                0x00003358       0x94 ./drivers/fsl_lpsci.o
                0x00003358                LPSCI_ClearStatusFlags
 .text.LPSCI_WriteBlocking
                0x000033ec       0x4c ./drivers/fsl_lpsci.o
                0x000033ec                LPSCI_WriteBlocking
 .text.LPSCI_ReadBlocking
                0x00003438       0xc0 ./drivers/fsl_lpsci.o
                0x00003438                LPSCI_ReadBlocking
 .text.UART0_DriverIRQHandler
                0x000034f8       0x24 ./drivers/fsl_lpsci.o
                0x000034f8                UART0_DriverIRQHandler
 .text.CLOCK_EnableClock
                0x0000351c       0x34 ./drivers/fsl_lptmr.o
 .text.LPTMR_GetInstance
                0x00003550       0x48 ./drivers/fsl_lptmr.o
 .text.LPTMR_Init
                0x00003598       0x94 ./drivers/fsl_lptmr.o
                0x00003598                LPTMR_Init
 .text.LPTMR_GetDefaultConfig
                0x0000362c       0x4c ./drivers/fsl_lptmr.o
                0x0000362c                LPTMR_GetDefaultConfig
 .text.CLOCK_EnableClock
                0x00003678       0x34 ./drivers/fsl_uart.o
 .text.UART_GetInstance
                0x000036ac       0x54 ./drivers/fsl_uart.o
                0x000036ac                UART_GetInstance
 .text.UART_Init
                0x00003700      0x1e0 ./drivers/fsl_uart.o
                0x00003700                UART_Init
 .text.UART_GetDefaultConfig
                0x000038e0       0x44 ./drivers/fsl_uart.o
                0x000038e0                UART_GetDefaultConfig
 .text.UART_ReadBlocking
                0x00003924       0x98 ./drivers/fsl_uart.o
                0x00003924                UART_ReadBlocking
 .text.UART1_DriverIRQHandler
                0x000039bc       0x24 ./drivers/fsl_uart.o
                0x000039bc                UART1_DriverIRQHandler
 .text.UART2_DriverIRQHandler
                0x000039e0       0x24 ./drivers/fsl_uart.o
                0x000039e0                UART2_DriverIRQHandler
 .text.CLOCK_SetLpsci0Clock
                0x00003a04       0x38 ./board/board.o
 .text.BOARD_InitDebugConsole
                0x00003a3c       0x30 ./board/board.o
                0x00003a3c                BOARD_InitDebugConsole
 .text.CLOCK_SetSimSafeDivs
                0x00003a6c       0x20 ./board/clock_config.o
 .text.CLOCK_SetXtal0Freq
                0x00003a8c       0x1c ./board/clock_config.o
 .text.CLOCK_CONFIG_SetFllExtRefDiv
                0x00003aa8       0x3c ./board/clock_config.o
 .text.BOARD_BootClockRUN
                0x00003ae4       0x64 ./board/clock_config.o
                0x00003ae4                BOARD_BootClockRUN
 .text.CLOCK_EnableClock
                0x00003b48       0x34 ./board/pin_mux.o
 .text.PORT_SetPinConfig
                0x00003b7c       0x38 ./board/pin_mux.o
 .text.PORT_SetPinMux
                0x00003bb4       0x40 ./board/pin_mux.o
 .text.BOARD_InitPins
                0x00003bf4       0xdc ./board/pin_mux.o
                0x00003bf4                BOARD_InitPins
 .text.SystemInit
                0x00003cd0       0x18 ./CMSIS/system_MKL25Z4.o
                0x00003cd0                SystemInit
 .text.__assertion_failed
                0x00003ce8       0x4c c:/nxp/mcuxpressoide_11.0.1_2563/ide/plugins/com.nxp.mcuxpresso.tools.win32_11.0.1.201907311258/tools/bin/../lib/gcc/arm-none-eabi/8.2.1/../../../../arm-none-eabi/lib/thumb/v6-m/nofp\libcr_semihost_nf.a(_cr_assert.o)
                0x00003ce8                __assertion_failed
 .text.__sys_appexit
                0x00003d34        0xc c:/nxp/mcuxpressoide_11.0.1_2563/ide/plugins/com.nxp.mcuxpresso.tools.win32_11.0.1.201907311258/tools/bin/../lib/gcc/arm-none-eabi/8.2.1/../../../../arm-none-eabi/lib/thumb/v6-m/nofp\libcr_semihost_nf.a(__sys_appexit.o)
                0x00003d34                __sys_appexit
                0x00003d34                __exit
 .text._deferredlazyseek
                0x00003d40       0x40 c:/nxp/mcuxpressoide_11.0.1_2563/ide/plugins/com.nxp.mcuxpresso.tools.win32_11.0.1.201907311258/tools/bin/../lib/gcc/arm-none-eabi/8.2.1/../../../../arm-none-eabi/lib/thumb/v6-m/nofp\libcr_c.a(_deferredlazyseek.o)
                0x00003d40                _deferredlazyseek
 .text.__flsbuf
                0x00003d80      0x14c c:/nxp/mcuxpressoide_11.0.1_2563/ide/plugins/com.nxp.mcuxpresso.tools.win32_11.0.1.201907311258/tools/bin/../lib/gcc/arm-none-eabi/8.2.1/../../../../arm-none-eabi/lib/thumb/v6-m/nofp\libcr_c.a(_deferredlazyseek.o)
                0x00003d80                __flsbuf
 .text._fflush  0x00003ecc       0x5c c:/nxp/mcuxpressoide_11.0.1_2563/ide/plugins/com.nxp.mcuxpresso.tools.win32_11.0.1.201907311258/tools/bin/../lib/gcc/arm-none-eabi/8.2.1/../../../../arm-none-eabi/lib/thumb/v6-m/nofp\libcr_c.a(_fflush.o)
                0x00003ecc                _fflush
 .text._Cwritebuf
                0x00003f28       0x68 c:/nxp/mcuxpressoide_11.0.1_2563/ide/plugins/com.nxp.mcuxpresso.tools.win32_11.0.1.201907311258/tools/bin/../lib/gcc/arm-none-eabi/8.2.1/../../../../arm-none-eabi/lib/thumb/v6-m/nofp\libcr_c.a(_writebuf.o)
                0x00003f28                _Cwritebuf
 .text.malloc   0x00003f90       0xcc c:/nxp/mcuxpressoide_11.0.1_2563/ide/plugins/com.nxp.mcuxpresso.tools.win32_11.0.1.201907311258/tools/bin/../lib/gcc/arm-none-eabi/8.2.1/../../../../arm-none-eabi/lib/thumb/v6-m/nofp\libcr_c.a(alloc.o)
                0x00003f90                malloc
 .text._Csys_alloc
                0x0000405c       0x20 c:/nxp/mcuxpressoide_11.0.1_2563/ide/plugins/com.nxp.mcuxpresso.tools.win32_11.0.1.201907311258/tools/bin/../lib/gcc/arm-none-eabi/8.2.1/../../../../arm-none-eabi/lib/thumb/v6-m/nofp\libcr_c.a(alloc.o)
                0x0000405c                _Csys_alloc
 .text.fseek    0x0000407c       0xf0 c:/nxp/mcuxpressoide_11.0.1_2563/ide/plugins/com.nxp.mcuxpresso.tools.win32_11.0.1.201907311258/tools/bin/../lib/gcc/arm-none-eabi/8.2.1/../../../../arm-none-eabi/lib/thumb/v6-m/nofp\libcr_c.a(fseek.o)
                0x0000407c                fseek
 .text.ftell    0x0000416c       0x48 c:/nxp/mcuxpressoide_11.0.1_2563/ide/plugins/com.nxp.mcuxpresso.tools.win32_11.0.1.201907311258/tools/bin/../lib/gcc/arm-none-eabi/8.2.1/../../../../arm-none-eabi/lib/thumb/v6-m/nofp\libcr_c.a(ftell.o)
                0x0000416c                ftell
 .text._initio  0x000041b4       0x7c c:/nxp/mcuxpressoide_11.0.1_2563/ide/plugins/com.nxp.mcuxpresso.tools.win32_11.0.1.201907311258/tools/bin/../lib/gcc/arm-none-eabi/8.2.1/../../../../arm-none-eabi/lib/thumb/v6-m/nofp\libcr_c.a(initio.o)
                0x000041b4                _initio
 .text.__vfprintf
                0x00004230      0xcd8 c:/nxp/mcuxpressoide_11.0.1_2563/ide/plugins/com.nxp.mcuxpresso.tools.win32_11.0.1.201907311258/tools/bin/../lib/gcc/arm-none-eabi/8.2.1/../../../../arm-none-eabi/lib/thumb/v6-m/nofp\libcr_c.a(printf.o)
                0x00004230                __vfprintf
 .text._vsnprintf
                0x00004f08       0x70 c:/nxp/mcuxpressoide_11.0.1_2563/ide/plugins/com.nxp.mcuxpresso.tools.win32_11.0.1.201907311258/tools/bin/../lib/gcc/arm-none-eabi/8.2.1/../../../../arm-none-eabi/lib/thumb/v6-m/nofp\libcr_c.a(printf.o)
                0x00004f08                _vsnprintf
 .text._printf  0x00004f78       0x50 c:/nxp/mcuxpressoide_11.0.1_2563/ide/plugins/com.nxp.mcuxpresso.tools.win32_11.0.1.201907311258/tools/bin/../lib/gcc/arm-none-eabi/8.2.1/../../../../arm-none-eabi/lib/thumb/v6-m/nofp\libcr_c.a(printf.o)
                0x00004f78                _printf
 .text.setvbuf  0x00004fc8       0x4c c:/nxp/mcuxpressoide_11.0.1_2563/ide/plugins/com.nxp.mcuxpresso.tools.win32_11.0.1.201907311258/tools/bin/../lib/gcc/arm-none-eabi/8.2.1/../../../../arm-none-eabi/lib/thumb/v6-m/nofp\libcr_c.a(setvbuf.o)
                0x00004fc8                setvbuf
 .text.strlen   0x00005014       0x58 c:/nxp/mcuxpressoide_11.0.1_2563/ide/plugins/com.nxp.mcuxpresso.tools.win32_11.0.1.201907311258/tools/bin/../lib/gcc/arm-none-eabi/8.2.1/../../../../arm-none-eabi/lib/thumb/v6-m/nofp\libcr_c.a(strlen.o)
                0x00005014                strlen
 .text._sbrk    0x0000506c       0x40 c:/nxp/mcuxpressoide_11.0.1_2563/ide/plugins/com.nxp.mcuxpresso.tools.win32_11.0.1.201907311258/tools/bin/../lib/gcc/arm-none-eabi/8.2.1/../../../../arm-none-eabi/lib/thumb/v6-m/nofp\libcr_c.a(_cr_sbrk.o)
                0x0000506c                _sbrk
 .text._fdopen  0x000050ac       0x74 c:/nxp/mcuxpressoide_11.0.1_2563/ide/plugins/com.nxp.mcuxpresso.tools.win32_11.0.1.201907311258/tools/bin/../lib/gcc/arm-none-eabi/8.2.1/../../../../arm-none-eabi/lib/thumb/v6-m/nofp\libcr_c.a(_fdopen.o)
                0x000050ac                _fdopen
 .text.fclose   0x00005120       0x5c c:/nxp/mcuxpressoide_11.0.1_2563/ide/plugins/com.nxp.mcuxpresso.tools.win32_11.0.1.201907311258/tools/bin/../lib/gcc/arm-none-eabi/8.2.1/../../../../arm-none-eabi/lib/thumb/v6-m/nofp\libcr_c.a(fclose.o)
                0x00005120                fclose
 .text.fflush   0x0000517c       0x44 c:/nxp/mcuxpressoide_11.0.1_2563/ide/plugins/com.nxp.mcuxpresso.tools.win32_11.0.1.201907311258/tools/bin/../lib/gcc/arm-none-eabi/8.2.1/../../../../arm-none-eabi/lib/thumb/v6-m/nofp\libcr_c.a(fflush.o)
                0x0000517c                fflush
 .text.__check_heap_overflow
                0x000051c0       0x14 c:/nxp/mcuxpressoide_11.0.1_2563/ide/plugins/com.nxp.mcuxpresso.tools.win32_11.0.1.201907311258/tools/bin/../lib/gcc/arm-none-eabi/8.2.1/../../../../arm-none-eabi/lib/thumb/v6-m/nofp\libcr_c.a(_cr_check_heap.o)
                0x000051c0                __check_heap_overflow
 .text._do_fflush
                0x000051d4       0x44 c:/nxp/mcuxpressoide_11.0.1_2563/ide/plugins/com.nxp.mcuxpresso.tools.win32_11.0.1.201907311258/tools/bin/../lib/gcc/arm-none-eabi/8.2.1/../../../../arm-none-eabi/lib/thumb/v6-m/nofp\libcr_c.a(_do_fflush.o)
                0x000051d4                _do_fflush
 .text.UART_EnableTx
                0x00005218       0x40 ./utilities/fsl_debug_console.o
 .text.UART_EnableRx
                0x00005258       0x40 ./utilities/fsl_debug_console.o
 .text.LPSCI_EnableTx
                0x00005298       0x40 ./utilities/fsl_debug_console.o
 .text.LPSCI_EnableRx
                0x000052d8       0x40 ./utilities/fsl_debug_console.o
 .text.EnableIRQ
                0x00005318       0x2c ./source/freertos_tickless.o
 .text.DAC_Enable
                0x00005344       0x4a ./source/freertos_tickless.o
 .text.GPIO_WritePinOutput
                0x0000538e       0x34 ./source/freertos_tickless.o
 .text.GPIO_TogglePinsOutput
                0x000053c2       0x18 ./source/freertos_tickless.o
 .text.ADC16_EnableHardwareTrigger
                0x000053da       0x3a ./source/freertos_tickless.o
 .text.LPTMR_EnableInterrupts
                0x00005414       0x2e ./source/freertos_tickless.o
 .text.LPTMR0_IRQHandler
                0x00005442        0xe ./source/freertos_tickless.o
                0x00005442                LPTMR0_IRQHandler
 .text.vPortGetLptmrIrqn
                0x00005450        0xc ./source/freertos_tickless.o
                0x00005450                vPortGetLptmrIrqn
 .text.LPTMR_ClearStatusFlags
                0x0000545c       0x1e ./freertos/fsl_tickless_lptmr.o
 .text.LPTMR_GetCurrentTimerCount
                0x0000547a       0x1e ./freertos/fsl_tickless_lptmr.o
 .text.LPTMR_StartTimer
                0x00005498       0x2c ./freertos/fsl_tickless_lptmr.o
 .text.LPTMR_StopTimer
                0x000054c4       0x2c ./freertos/fsl_tickless_lptmr.o
 .text.vListInitialise
                0x000054f0       0x3c ./freertos/list.o
                0x000054f0                vListInitialise
 .text.vListInitialiseItem
                0x0000552c       0x16 ./freertos/list.o
                0x0000552c                vListInitialiseItem
 .text.vListInsertEnd
                0x00005542       0x44 ./freertos/list.o
                0x00005542                vListInsertEnd
 .text.vListInsert
                0x00005586       0x6c ./freertos/list.o
                0x00005586                vListInsert
 .text.uxListRemove
                0x000055f2       0x50 ./freertos/list.o
                0x000055f2                uxListRemove
 .text.SVC_Handler
                0x00005642        0xa ./freertos/port.o
                0x00005642                SVC_Handler
 .text.ulSetInterruptMaskFromISR
                0x0000564c        0xc ./freertos/port.o
                0x0000564c                ulSetInterruptMaskFromISR
 .text.vClearInterruptMaskFromISR
                0x00005658        0x8 ./freertos/port.o
                0x00005658                vClearInterruptMaskFromISR
 .text.xQueueGenericReset
                0x00005660       0xa8 ./freertos/queue.o
                0x00005660                xQueueGenericReset
 .text.xQueueGenericCreate
                0x00005708       0x64 ./freertos/queue.o
                0x00005708                xQueueGenericCreate
 .text.prvInitialiseNewQueue
                0x0000576c       0x4e ./freertos/queue.o
 .text.xQueueGenericSend
                0x000057ba      0x188 ./freertos/queue.o
                0x000057ba                xQueueGenericSend
 .text.xQueueGenericSendFromISR
                0x00005942       0xe2 ./freertos/queue.o
                0x00005942                xQueueGenericSendFromISR
 .text.xQueueGiveFromISR
                0x00005a24       0xca ./freertos/queue.o
                0x00005a24                xQueueGiveFromISR
 .text.xQueueGenericReceive
                0x00005aee      0x1c8 ./freertos/queue.o
                0x00005aee                xQueueGenericReceive
 .text.prvCopyDataToQueue
                0x00005cb6       0xd6 ./freertos/queue.o
 .text.prvCopyDataFromQueue
                0x00005d8c       0x4c ./freertos/queue.o
 .text.prvUnlockQueue
                0x00005dd8       0xbc ./freertos/queue.o
 .text.prvIsQueueEmpty
                0x00005e94       0x2c ./freertos/queue.o
 .text.prvIsQueueFull
                0x00005ec0       0x30 ./freertos/queue.o
 .text.vQueueWaitForMessageRestricted
                0x00005ef0       0x66 ./freertos/queue.o
                0x00005ef0                vQueueWaitForMessageRestricted
 .text.xTaskCreate
                0x00005f56       0x90 ./freertos/tasks.o
                0x00005f56                xTaskCreate
 .text.prvDeleteTCB
                0x00005fe6       0x22 ./freertos/tasks.o
 .text.prvTimerTask
                0x00006008       0x28 ./freertos/timers.o
 .text.ADC16_DoAutoCalibration
                0x00006030      0x118 ./drivers/fsl_adc16.o
                0x00006030                ADC16_DoAutoCalibration
 .text.ADC16_GetStatusFlags
                0x00006148       0x3a ./drivers/fsl_adc16.o
                0x00006148                ADC16_GetStatusFlags
 .text.OSC_SetExtRefClkConfig
                0x00006182       0x3e ./drivers/fsl_clock.o
 .text.OSC_SetCapLoad
                0x000061c0       0x42 ./drivers/fsl_clock.o
 .text.CLOCK_GetPll0RefFreq
                0x00006202       0x10 ./drivers/fsl_clock.o
 .text.CLOCK_SetExternalRefClkConfig
                0x00006212       0x16 ./drivers/fsl_clock.o
                0x00006212                CLOCK_SetExternalRefClkConfig
 .text.GPIO_WritePinOutput
                0x00006228       0x34 ./drivers/fsl_gpio.o
 .text.LPSCI_GetStatusFlags
                0x0000625c       0x26 ./drivers/fsl_lpsci.o
                0x0000625c                LPSCI_GetStatusFlags
 .text.UART_GetStatusFlags
                0x00006282       0x26 ./drivers/fsl_uart.o
                0x00006282                UART_GetStatusFlags
 .text.UART_WriteBlocking
                0x000062a8       0x3a ./drivers/fsl_uart.o
                0x000062a8                UART_WriteBlocking
 .text.__main   0x000062e2        0xc c:/nxp/mcuxpressoide_11.0.1_2563/ide/plugins/com.nxp.mcuxpresso.tools.win32_11.0.1.201907311258/tools/bin/../lib/gcc/arm-none-eabi/8.2.1/../../../../arm-none-eabi/lib/thumb/v6-m/nofp\libcr_semihost_nf.a(_cr__main.o)
                0x000062e2                __CR_SEMIHOST
                0x000062e2                __main
 .text.memcpy   0x000062ee        0x8 c:/nxp/mcuxpressoide_11.0.1_2563/ide/plugins/com.nxp.mcuxpresso.tools.win32_11.0.1.201907311258/tools/bin/../lib/gcc/arm-none-eabi/8.2.1/../../../../arm-none-eabi/lib/thumb/v6-m/nofp\libcr_c.a(memcpy.o)
                0x000062ee                memcpy
 .text.memset   0x000062f6        0x8 c:/nxp/mcuxpressoide_11.0.1_2563/ide/plugins/com.nxp.mcuxpresso.tools.win32_11.0.1.201907311258/tools/bin/../lib/gcc/arm-none-eabi/8.2.1/../../../../arm-none-eabi/lib/thumb/v6-m/nofp\libcr_c.a(memset.o)
                0x000062f6                memset
 .text.free     0x000062fe       0x2c c:/nxp/mcuxpressoide_11.0.1_2563/ide/plugins/com.nxp.mcuxpresso.tools.win32_11.0.1.201907311258/tools/bin/../lib/gcc/arm-none-eabi/8.2.1/../../../../arm-none-eabi/lib/thumb/v6-m/nofp\libcr_c.a(alloc.o)
                0x000062fe                free
 .text.fputs    0x0000632a       0x2e c:/nxp/mcuxpressoide_11.0.1_2563/ide/plugins/com.nxp.mcuxpresso.tools.win32_11.0.1.201907311258/tools/bin/../lib/gcc/arm-none-eabi/8.2.1/../../../../arm-none-eabi/lib/thumb/v6-m/nofp\libcr_c.a(fputs.o)
                0x0000632a                fputs
 .text.no_fp_display
                0x00006358        0x4 c:/nxp/mcuxpressoide_11.0.1_2563/ide/plugins/com.nxp.mcuxpresso.tools.win32_11.0.1.201907311258/tools/bin/../lib/gcc/arm-none-eabi/8.2.1/../../../../arm-none-eabi/lib/thumb/v6-m/nofp\libcr_c.a(printf.o)
 .text.remove   0x0000635c       0x12 c:/nxp/mcuxpressoide_11.0.1_2563/ide/plugins/com.nxp.mcuxpresso.tools.win32_11.0.1.201907311258/tools/bin/../lib/gcc/arm-none-eabi/8.2.1/../../../../arm-none-eabi/lib/thumb/v6-m/nofp\libcr_c.a(remove.o)
                0x0000635c                remove
 .text.__aeabi_division_idivmod
                0x0000636e       0x78 c:/nxp/mcuxpressoide_11.0.1_2563/ide/plugins/com.nxp.mcuxpresso.tools.win32_11.0.1.201907311258/tools/bin/../lib/gcc/arm-none-eabi/8.2.1/thumb/v6-m/nofp\libcr_eabihelpers.a(division_32.o)
                0x0000636e                __aeabi_idivmod
                0x0000636e                __aeabi_idiv
                0x00006374                __aeabi_uidivmod
                0x00006374                __aeabi_uidiv
 .text.__aeabi_division_idiv0
                0x000063e6        0x2 c:/nxp/mcuxpressoide_11.0.1_2563/ide/plugins/com.nxp.mcuxpresso.tools.win32_11.0.1.201907311258/tools/bin/../lib/gcc/arm-none-eabi/8.2.1/thumb/v6-m/nofp\libcr_eabihelpers.a(division_idiv0.o)
                0x000063e6                __aeabi_idiv0
 .text.__aeabi_llong_lmul
                0x000063e8       0x2e c:/nxp/mcuxpressoide_11.0.1_2563/ide/plugins/com.nxp.mcuxpresso.tools.win32_11.0.1.201907311258/tools/bin/../lib/gcc/arm-none-eabi/8.2.1/thumb/v6-m/nofp\libcr_eabihelpers.a(llong.o)
                0x000063e8                __aeabi_lmul
 .text.__aeabi_memcpy
                0x00006416       0x2c c:/nxp/mcuxpressoide_11.0.1_2563/ide/plugins/com.nxp.mcuxpresso.tools.win32_11.0.1.201907311258/tools/bin/../lib/gcc/arm-none-eabi/8.2.1/thumb/v6-m/nofp\libcr_eabihelpers.a(memcpy.o)
                0x00006416                __aeabi_memcpy4
                0x00006416                __aeabi_memcpy8
                0x00006416                __aeabi_memcpy
 .text.__aeabi_memset_lowlevel
                0x00006442       0x2a c:/nxp/mcuxpressoide_11.0.1_2563/ide/plugins/com.nxp.mcuxpresso.tools.win32_11.0.1.201907311258/tools/bin/../lib/gcc/arm-none-eabi/8.2.1/thumb/v6-m/nofp\libcr_eabihelpers.a(memcpy.o)
                0x00006442                __aeabi_lowlevel_memset
 .text.__sys_close
                0x0000646c        0xc c:/nxp/mcuxpressoide_11.0.1_2563/ide/plugins/com.nxp.mcuxpresso.tools.win32_11.0.1.201907311258/tools/bin/../lib/gcc/arm-none-eabi/8.2.1/../../../../arm-none-eabi/lib/thumb/v6-m/nofp\libcr_semihost_nf.a(__sys_close.o)
                0x0000646c                __sys_close
 .text.__sys_flen
                0x00006478        0xc c:/nxp/mcuxpressoide_11.0.1_2563/ide/plugins/com.nxp.mcuxpresso.tools.win32_11.0.1.201907311258/tools/bin/../lib/gcc/arm-none-eabi/8.2.1/../../../../arm-none-eabi/lib/thumb/v6-m/nofp\libcr_semihost_nf.a(__sys_flen.o)
                0x00006478                __sys_flen
 .text.__sys_istty
                0x00006484        0xc c:/nxp/mcuxpressoide_11.0.1_2563/ide/plugins/com.nxp.mcuxpresso.tools.win32_11.0.1.201907311258/tools/bin/../lib/gcc/arm-none-eabi/8.2.1/../../../../arm-none-eabi/lib/thumb/v6-m/nofp\libcr_semihost_nf.a(__sys_istty.o)
                0x00006484                __sys_istty
 .text.__sys_remove
                0x00006490        0xc c:/nxp/mcuxpressoide_11.0.1_2563/ide/plugins/com.nxp.mcuxpresso.tools.win32_11.0.1.201907311258/tools/bin/../lib/gcc/arm-none-eabi/8.2.1/../../../../arm-none-eabi/lib/thumb/v6-m/nofp\libcr_semihost_nf.a(__sys_remove.o)
                0x00006490                __sys_remove
 .text.__sys_seek
                0x0000649c        0xc c:/nxp/mcuxpressoide_11.0.1_2563/ide/plugins/com.nxp.mcuxpresso.tools.win32_11.0.1.201907311258/tools/bin/../lib/gcc/arm-none-eabi/8.2.1/../../../../arm-none-eabi/lib/thumb/v6-m/nofp\libcr_semihost_nf.a(__sys_seek.o)
                0x0000649c                __sys_seek
 .text.__sys_tmpnam
                0x000064a8        0xc c:/nxp/mcuxpressoide_11.0.1_2563/ide/plugins/com.nxp.mcuxpresso.tools.win32_11.0.1.201907311258/tools/bin/../lib/gcc/arm-none-eabi/8.2.1/../../../../arm-none-eabi/lib/thumb/v6-m/nofp\libcr_semihost_nf.a(__sys_tmpnam.o)
                0x000064a8                __sys_tmpnam
 .text.__sys_write
                0x000064b4        0xc c:/nxp/mcuxpressoide_11.0.1_2563/ide/plugins/com.nxp.mcuxpresso.tools.win32_11.0.1.201907311258/tools/bin/../lib/gcc/arm-none-eabi/8.2.1/../../../../arm-none-eabi/lib/thumb/v6-m/nofp\libcr_semihost_nf.a(__sys_write.o)
                0x000064b4                __sys_write
 *(SORT_BY_ALIGNMENT(.rodata) SORT_BY_ALIGNMENT(.rodata.*) SORT_BY_ALIGNMENT(.constdata) SORT_BY_ALIGNMENT(.constdata.*))
 .rodata        0x000064c0      0x160 ./source/freertos_tickless.o
 .rodata.dacValue
                0x00006620       0xcc ./source/freertos_tickless.o
 .rodata        0x000066ec       0x27 ./freertos/fsl_tickless_lptmr.o
 *fill*         0x00006713        0x1 ff
 .rodata        0x00006714       0x18 ./freertos/tasks.o
                0x0000671c                FreeRTOSDebugConfig
 .rodata        0x0000672c        0xd ./freertos/timers.o
 *fill*         0x00006739        0x3 ff
 .rodata.prvProcessReceivedCommands
                0x0000673c       0x28 ./freertos/timers.o
 .rodata        0x00006764      0x13a ./drivers/fsl_adc16.o
 *fill*         0x0000689e        0x2 ff
 .rodata        0x000068a0      0x11d ./drivers/fsl_clock.o
 *fill*         0x000069bd        0x3 ff
 .rodata.fllFactorTable.5230
                0x000069c0       0x10 ./drivers/fsl_clock.o
 .rodata        0x000069d0      0x152 ./drivers/fsl_dac.o
 *fill*         0x00006b22        0x2 ff
 .rodata.s_portBases
                0x00006b24       0x14 ./drivers/fsl_gpio.o
 .rodata.s_gpioBases
                0x00006b38       0x14 ./drivers/fsl_gpio.o
 .rodata        0x00006b4c       0x62 ./drivers/fsl_gpio.o
 *fill*         0x00006bae        0x2 ff
 .rodata        0x00006bb0      0x48c ./drivers/fsl_lpsci.o
 .rodata        0x0000703c       0x88 ./drivers/fsl_lptmr.o
 .rodata.s_uartBases
                0x000070c4        0xc ./drivers/fsl_uart.o
 .rodata.s_uartClock
                0x000070d0        0xc ./drivers/fsl_uart.o
 .rodata        0x000070dc      0x45b ./drivers/fsl_uart.o
 *fill*         0x00007537        0x1 ff
 .rodata.mcgConfig_BOARD_BootClockRUN
                0x00007538        0xa ./board/clock_config.o
                0x00007538                mcgConfig_BOARD_BootClockRUN
 *fill*         0x00007542        0x2 ff
 .rodata.simConfig_BOARD_BootClockRUN
                0x00007544        0x8 ./board/clock_config.o
                0x00007544                simConfig_BOARD_BootClockRUN
 .rodata.oscConfig_BOARD_BootClockRUN
                0x0000754c        0x8 ./board/clock_config.o
                0x0000754c                oscConfig_BOARD_BootClockRUN
 .rodata        0x00007554       0x23 ./board/pin_mux.o
 *fill*         0x00007577        0x1 ff
 .rodata.__num_Ciob_streams
                0x00007578        0x4 c:/nxp/mcuxpressoide_11.0.1_2563/ide/plugins/com.nxp.mcuxpresso.tools.win32_11.0.1.201907311258/tools/bin/../lib/gcc/arm-none-eabi/8.2.1/../../../../arm-none-eabi/lib/thumb/v6-m/nofp\libcr_semihost_nf.a(__ciob.o)
                0x00007578                __num_Ciob_streams
 .rodata.__assertion_failed.str1.1
                0x0000757c       0x15 c:/nxp/mcuxpressoide_11.0.1_2563/ide/plugins/com.nxp.mcuxpresso.tools.win32_11.0.1.201907311258/tools/bin/../lib/gcc/arm-none-eabi/8.2.1/../../../../arm-none-eabi/lib/thumb/v6-m/nofp\libcr_semihost_nf.a(_cr_assert.o)
 .rodata._Csys_alloc.str1.1
                0x00007591       0x18 c:/nxp/mcuxpressoide_11.0.1_2563/ide/plugins/com.nxp.mcuxpresso.tools.win32_11.0.1.201907311258/tools/bin/../lib/gcc/arm-none-eabi/8.2.1/../../../../arm-none-eabi/lib/thumb/v6-m/nofp\libcr_c.a(alloc.o)
 .rodata._initio.str1.1
                0x000075a9        0x4 c:/nxp/mcuxpressoide_11.0.1_2563/ide/plugins/com.nxp.mcuxpresso.tools.win32_11.0.1.201907311258/tools/bin/../lib/gcc/arm-none-eabi/8.2.1/../../../../arm-none-eabi/lib/thumb/v6-m/nofp\libcr_c.a(initio.o)
 .rodata.__vfprintf.str1.1
                0x000075ad       0x35 c:/nxp/mcuxpressoide_11.0.1_2563/ide/plugins/com.nxp.mcuxpresso.tools.win32_11.0.1.201907311258/tools/bin/../lib/gcc/arm-none-eabi/8.2.1/../../../../arm-none-eabi/lib/thumb/v6-m/nofp\libcr_c.a(printf.o)
                                 0x38 (size before relaxing)
                0x000075e4                . = ALIGN (0x4)
 *fill*         0x000075e2        0x2 ff

.glue_7         0x000075e4        0x0
 .glue_7        0x000075e4        0x0 linker stubs

.glue_7t        0x000075e4        0x0
 .glue_7t       0x000075e4        0x0 linker stubs

.vfp11_veneer   0x000075e4        0x0
 .vfp11_veneer  0x000075e4        0x0 linker stubs

.v4_bx          0x000075e4        0x0
 .v4_bx         0x000075e4        0x0 linker stubs

.iplt           0x000075e4        0x0
 .iplt          0x000075e4        0x0 ./utilities/fsl_debug_console.o

.rel.dyn        0x000075e4        0x0
 .rel.iplt      0x000075e4        0x0 ./utilities/fsl_debug_console.o

.ARM.extab
 *(SORT_BY_ALIGNMENT(.ARM.extab*) SORT_BY_ALIGNMENT(.gnu.linkonce.armextab.*))
                0x000075e4                __exidx_start = .

.ARM.exidx
 *(SORT_BY_ALIGNMENT(.ARM.exidx*) SORT_BY_ALIGNMENT(.gnu.linkonce.armexidx.*))
                0x000075e4                __exidx_end = .
                0x000075e4                _etext = .

.m_usb_data
 *(SORT_BY_ALIGNMENT(m_usb_bdt))

.mtb_buffer_default
                0x1ffff000       0x80
 *(SORT_BY_ALIGNMENT(.mtb*))
 .mtb.$RAM1     0x1ffff000       0x80 ./source/mtb.o
                0x1ffff000                __mtb_buffer__

.uninit_RESERVED
                0x1ffff080        0x0
                0x1ffff080                . = ALIGN (0x4)
 *(SORT_BY_ALIGNMENT(.bss.$RESERVED*))
                0x1ffff080                . = ALIGN (0x4)
                0x1ffff080                _end_uninit_RESERVED = .

.data           0x1ffff080        0xc load address 0x000075e4
 FILL mask 0xff
                0x1ffff080                _data = .
 *(SORT_BY_ALIGNMENT(vtable))
 *(SORT_BY_ALIGNMENT(.ramfunc*))
 *(SORT_BY_ALIGNMENT(CodeQuickAccess))
 *(SORT_BY_ALIGNMENT(DataQuickAccess))
 *(SORT_BY_ALIGNMENT(RamFunction))
 *(SORT_BY_ALIGNMENT(.data*))
 .data.uxCriticalNesting
                0x1ffff080        0x4 ./freertos/port.o
 .data.s_slowIrcFreq
                0x1ffff084        0x4 ./drivers/fsl_clock.o
 .data.SystemCoreClock
                0x1ffff088        0x4 ./CMSIS/system_MKL25Z4.o
                0x1ffff088                SystemCoreClock
                0x1ffff08c                . = ALIGN (0x4)
                0x1ffff08c                _edata = .

.igot.plt       0x1ffff08c        0x0 load address 0x000075f0
 .igot.plt      0x1ffff08c        0x0 ./utilities/fsl_debug_console.o

.bss            0x1ffff08c     0x2ab4 load address 0x000075f0
                0x1ffff08c                . = ALIGN (0x4)
                0x1ffff08c                _bss = .
 *(SORT_BY_ALIGNMENT(.bss*))
 .bss.s_debugConsole
                0x1ffff08c       0x10 ./utilities/fsl_debug_console.o
 .bss.i         0x1ffff09c        0x4 ./source/freertos_tickless.o
                0x1ffff09c                i
 .bss.xSWSemaphore
                0x1ffff0a0        0x4 ./source/freertos_tickless.o
                0x1ffff0a0                xSWSemaphore
 .bss.adc16ConfigStruct
                0x1ffff0a4        0x9 ./source/freertos_tickless.o
                0x1ffff0a4                adc16ConfigStruct
 *fill*         0x1ffff0ad        0x3 
 .bss.adc16ChannelConfigStruct
                0x1ffff0b0        0x8 ./source/freertos_tickless.o
                0x1ffff0b0                adc16ChannelConfigStruct
 .bss.ADC_Buffer
                0x1ffff0b8        0x4 ./source/freertos_tickless.o
                0x1ffff0b8                ADC_Buffer
 .bss.ulTimerCountsForOneTick
                0x1ffff0bc        0x4 ./freertos/fsl_tickless_lptmr.o
 .bss.xMaximumPossibleSuppressedTicks
                0x1ffff0c0        0x4 ./freertos/fsl_tickless_lptmr.o
 .bss.ulLPTimerCountsForOneTick
                0x1ffff0c4        0x4 ./freertos/fsl_tickless_lptmr.o
 .bss.ucHeap    0x1ffff0c8     0x2800 ./freertos/heap_4.o
 .bss.xStart    0x200018c8        0x8 ./freertos/heap_4.o
 .bss.pxEnd     0x200018d0        0x4 ./freertos/heap_4.o
 .bss.xFreeBytesRemaining
                0x200018d4        0x4 ./freertos/heap_4.o
 .bss.xMinimumEverFreeBytesRemaining
                0x200018d8        0x4 ./freertos/heap_4.o
 .bss.xBlockAllocatedBit
                0x200018dc        0x4 ./freertos/heap_4.o
 .bss.xQueueRegistry
                0x200018e0       0x40 ./freertos/queue.o
                0x200018e0                xQueueRegistry
 .bss.pxCurrentTCB
                0x20001920        0x4 ./freertos/tasks.o
                0x20001920                pxCurrentTCB
 .bss.pxReadyTasksLists
                0x20001924       0x64 ./freertos/tasks.o
 .bss.xDelayedTaskList1
                0x20001988       0x14 ./freertos/tasks.o
 .bss.xDelayedTaskList2
                0x2000199c       0x14 ./freertos/tasks.o
 .bss.pxDelayedTaskList
                0x200019b0        0x4 ./freertos/tasks.o
 .bss.pxOverflowDelayedTaskList
                0x200019b4        0x4 ./freertos/tasks.o
 .bss.xPendingReadyList
                0x200019b8       0x14 ./freertos/tasks.o
 .bss.xTasksWaitingTermination
                0x200019cc       0x14 ./freertos/tasks.o
 .bss.uxDeletedTasksWaitingCleanUp
                0x200019e0        0x4 ./freertos/tasks.o
 .bss.xSuspendedTaskList
                0x200019e4       0x14 ./freertos/tasks.o
 .bss.uxCurrentNumberOfTasks
                0x200019f8        0x4 ./freertos/tasks.o
 .bss.xTickCount
                0x200019fc        0x4 ./freertos/tasks.o
 .bss.uxTopReadyPriority
                0x20001a00        0x4 ./freertos/tasks.o
 .bss.xSchedulerRunning
                0x20001a04        0x4 ./freertos/tasks.o
 .bss.uxPendedTicks
                0x20001a08        0x4 ./freertos/tasks.o
 .bss.xYieldPending
                0x20001a0c        0x4 ./freertos/tasks.o
 .bss.xNumOfOverflows
                0x20001a10        0x4 ./freertos/tasks.o
 .bss.uxTaskNumber
                0x20001a14        0x4 ./freertos/tasks.o
 .bss.xNextTaskUnblockTime
                0x20001a18        0x4 ./freertos/tasks.o
 .bss.xIdleTaskHandle
                0x20001a1c        0x4 ./freertos/tasks.o
 .bss.uxSchedulerSuspended
                0x20001a20        0x4 ./freertos/tasks.o
 .bss.xActiveTimerList1
                0x20001a24       0x14 ./freertos/timers.o
 .bss.xActiveTimerList2
                0x20001a38       0x14 ./freertos/timers.o
 .bss.pxCurrentTimerList
                0x20001a4c        0x4 ./freertos/timers.o
 .bss.pxOverflowTimerList
                0x20001a50        0x4 ./freertos/timers.o
 .bss.xTimerQueue
                0x20001a54        0x4 ./freertos/timers.o
 .bss.xTimerTaskHandle
                0x20001a58        0x4 ./freertos/timers.o
 .bss.xLastTime.4576
                0x20001a5c        0x4 ./freertos/timers.o
 .bss.g_xtal0Freq
                0x20001a60        0x4 ./drivers/fsl_clock.o
                0x20001a60                g_xtal0Freq
 .bss.s_lpsciHandle
                0x20001a64        0x4 ./drivers/fsl_lpsci.o
 .bss.s_lpsciIsr
                0x20001a68        0x4 ./drivers/fsl_lpsci.o
 .bss.s_uartHandle
                0x20001a6c        0xc ./drivers/fsl_uart.o
 .bss.s_uartIsr
                0x20001a78        0x4 ./drivers/fsl_uart.o
 .bss.__Ciob    0x20001a7c       0xb4 c:/nxp/mcuxpressoide_11.0.1_2563/ide/plugins/com.nxp.mcuxpresso.tools.win32_11.0.1.201907311258/tools/bin/../lib/gcc/arm-none-eabi/8.2.1/../../../../arm-none-eabi/lib/thumb/v6-m/nofp\libcr_semihost_nf.a(__ciob.o)
                0x20001a7c                __Ciob
 .bss.__end_of_heap
                0x20001b30        0x4 c:/nxp/mcuxpressoide_11.0.1_2563/ide/plugins/com.nxp.mcuxpresso.tools.win32_11.0.1.201907311258/tools/bin/../lib/gcc/arm-none-eabi/8.2.1/../../../../arm-none-eabi/lib/thumb/v6-m/nofp\libcr_c.a(__init_alloc.o)
                0x20001b30                __end_of_heap
 .bss.__heaps   0x20001b34        0x4 c:/nxp/mcuxpressoide_11.0.1_2563/ide/plugins/com.nxp.mcuxpresso.tools.win32_11.0.1.201907311258/tools/bin/../lib/gcc/arm-none-eabi/8.2.1/../../../../arm-none-eabi/lib/thumb/v6-m/nofp\libcr_c.a(__init_alloc.o)
                0x20001b34                __heaps
 .bss.errno     0x20001b38        0x4 c:/nxp/mcuxpressoide_11.0.1_2563/ide/plugins/com.nxp.mcuxpresso.tools.win32_11.0.1.201907311258/tools/bin/../lib/gcc/arm-none-eabi/8.2.1/../../../../arm-none-eabi/lib/thumb/v6-m/nofp\libcr_c.a(errno.o)
                0x20001b38                errno
 .bss.ulLPTimerInterruptFired
                0x20001b3c        0x1 ./freertos/fsl_tickless_lptmr.o
 *(SORT_BY_ALIGNMENT(COMMON))
                0x20001b40                . = ALIGN (0x4)
 *fill*         0x20001b3d        0x3 
                0x20001b40                _ebss = .
                [!provide]                PROVIDE (end = .)

.noinit         0x20001b40        0x0 load address 0x000075f0
                0x20001b40                . = ALIGN (0x4)
                0x20001b40                _noinit = .
 *(SORT_BY_ALIGNMENT(.noinit*))
                0x20001b40                . = ALIGN (0x4)
                0x20001b40                _end_noinit = .
                0x00000400                _HeapSize = 0x400

.heap           0x20001b40      0x400 load address 0x000075f0
                0x20001b40                _pvHeapStart = .
                0x20001f40                . = (. + _HeapSize)
 *fill*         0x20001b40      0x400 
                0x20001f40                . = ALIGN (0x4)
                0x20001f40                _pvHeapLimit = .
                0x00000400                _StackSize = 0x400

.heap2stackfill
                0x20001f40      0x400 load address 0x000075f0
                0x20002340                . = (. + _StackSize)
 *fill*         0x20001f40      0x400 

.stack          0x20002c00        0x0
                0x20002c00                _vStackBase = .
                0x20002c00                . = ALIGN (0x4)
                0x20003000                _vStackTop = (. + _StackSize)
                0x00000000                _image_start = LOADADDR (.text)
                0x000075f0                _image_end = (LOADADDR (.data) + SIZEOF (.data))
                0x000075f0                _image_size = (_image_end - _image_start)
OUTPUT(frdmkl25z_rtos_examples_freertos_tickless.axf elf32-littlearm)

.debug_info     0x00000000     0xed8c
 .debug_info    0x00000000      0x9b1 ./utilities/fsl_debug_console.o
 .debug_info    0x000009b1      0x4db ./startup/startup_mkl25z4.o
 .debug_info    0x00000e8c     0x1789 ./source/freertos_tickless.o
 .debug_info    0x00002615       0x4f ./source/mtb.o
 .debug_info    0x00002664       0x38 ./source/semihost_hardfault.o
 .debug_info    0x0000269c      0x712 ./freertos/fsl_tickless_lptmr.o
 .debug_info    0x00002dae      0x330 ./freertos/heap_4.o
 .debug_info    0x000030de      0x2e7 ./freertos/list.o
 .debug_info    0x000033c5      0x276 ./freertos/port.o
 .debug_info    0x0000363b      0xef7 ./freertos/queue.o
 .debug_info    0x00004532     0x19c9 ./freertos/tasks.o
 .debug_info    0x00005efb      0xb8e ./freertos/timers.o
 .debug_info    0x00006a89      0xc9a ./drivers/fsl_adc16.o
 .debug_info    0x00007723     0x1a93 ./drivers/fsl_clock.o
 .debug_info    0x000091b6      0x8b6 ./drivers/fsl_dac.o
 .debug_info    0x00009a6c      0x562 ./drivers/fsl_gpio.o
 .debug_info    0x00009fce     0x1465 ./drivers/fsl_lpsci.o
 .debug_info    0x0000b433      0x70f ./drivers/fsl_lptmr.o
 .debug_info    0x0000bb42     0x1406 ./drivers/fsl_uart.o
 .debug_info    0x0000cf48      0x807 ./board/board.o
 .debug_info    0x0000d74f      0xafa ./board/clock_config.o
 .debug_info    0x0000e249      0x70e ./board/pin_mux.o
 .debug_info    0x0000e957      0x435 ./CMSIS/system_MKL25Z4.o

.debug_abbrev   0x00000000     0x2e1f
 .debug_abbrev  0x00000000      0x218 ./utilities/fsl_debug_console.o
 .debug_abbrev  0x00000218      0x18a ./startup/startup_mkl25z4.o
 .debug_abbrev  0x000003a2      0x345 ./source/freertos_tickless.o
 .debug_abbrev  0x000006e7       0x43 ./source/mtb.o
 .debug_abbrev  0x0000072a       0x2e ./source/semihost_hardfault.o
 .debug_abbrev  0x00000758      0x224 ./freertos/fsl_tickless_lptmr.o
 .debug_abbrev  0x0000097c      0x1a4 ./freertos/heap_4.o
 .debug_abbrev  0x00000b20      0x123 ./freertos/list.o
 .debug_abbrev  0x00000c43      0x1b0 ./freertos/port.o
 .debug_abbrev  0x00000df3      0x211 ./freertos/queue.o
 .debug_abbrev  0x00001004      0x2cd ./freertos/tasks.o
 .debug_abbrev  0x000012d1      0x222 ./freertos/timers.o
 .debug_abbrev  0x000014f3      0x29f ./drivers/fsl_adc16.o
 .debug_abbrev  0x00001792      0x36c ./drivers/fsl_clock.o
 .debug_abbrev  0x00001afe      0x234 ./drivers/fsl_dac.o
 .debug_abbrev  0x00001d32      0x1b5 ./drivers/fsl_gpio.o
 .debug_abbrev  0x00001ee7      0x306 ./drivers/fsl_lpsci.o
 .debug_abbrev  0x000021ed      0x1cf ./drivers/fsl_lptmr.o
 .debug_abbrev  0x000023bc      0x320 ./drivers/fsl_uart.o
 .debug_abbrev  0x000026dc      0x1a4 ./board/board.o
 .debug_abbrev  0x00002880      0x20e ./board/clock_config.o
 .debug_abbrev  0x00002a8e      0x23e ./board/pin_mux.o
 .debug_abbrev  0x00002ccc      0x153 ./CMSIS/system_MKL25Z4.o

.debug_aranges  0x00000000      0xe88
 .debug_aranges
                0x00000000       0x48 ./utilities/fsl_debug_console.o
 .debug_aranges
                0x00000048      0x160 ./startup/startup_mkl25z4.o
 .debug_aranges
                0x000001a8       0xb0 ./source/freertos_tickless.o
 .debug_aranges
                0x00000258       0x18 ./source/mtb.o
 .debug_aranges
                0x00000270       0x20 ./source/semihost_hardfault.o
 .debug_aranges
                0x00000290       0x60 ./freertos/fsl_tickless_lptmr.o
 .debug_aranges
                0x000002f0       0x50 ./freertos/heap_4.o
 .debug_aranges
                0x00000340       0x40 ./freertos/list.o
 .debug_aranges
                0x00000380       0x80 ./freertos/port.o
 .debug_aranges
                0x00000400      0x118 ./freertos/queue.o
 .debug_aranges
                0x00000518      0x200 ./freertos/tasks.o
 .debug_aranges
                0x00000718       0xc8 ./freertos/timers.o
 .debug_aranges
                0x000007e0       0x88 ./drivers/fsl_adc16.o
 .debug_aranges
                0x00000868      0x1d8 ./drivers/fsl_clock.o
 .debug_aranges
                0x00000a40       0x90 ./drivers/fsl_dac.o
 .debug_aranges
                0x00000ad0       0x40 ./drivers/fsl_gpio.o
 .debug_aranges
                0x00000b10      0x118 ./drivers/fsl_lpsci.o
 .debug_aranges
                0x00000c28       0x48 ./drivers/fsl_lptmr.o
 .debug_aranges
                0x00000c70      0x130 ./drivers/fsl_uart.o
 .debug_aranges
                0x00000da0       0x28 ./board/board.o
 .debug_aranges
                0x00000dc8       0x58 ./board/clock_config.o
 .debug_aranges
                0x00000e20       0x40 ./board/pin_mux.o
 .debug_aranges
                0x00000e60       0x28 ./CMSIS/system_MKL25Z4.o

.debug_ranges   0x00000000      0xd10
 .debug_ranges  0x00000000       0x38 ./utilities/fsl_debug_console.o
 .debug_ranges  0x00000038      0x150 ./startup/startup_mkl25z4.o
 .debug_ranges  0x00000188       0xa0 ./source/freertos_tickless.o
 .debug_ranges  0x00000228       0x10 ./source/semihost_hardfault.o
 .debug_ranges  0x00000238       0x50 ./freertos/fsl_tickless_lptmr.o
 .debug_ranges  0x00000288       0x40 ./freertos/heap_4.o
 .debug_ranges  0x000002c8       0x30 ./freertos/list.o
 .debug_ranges  0x000002f8       0x70 ./freertos/port.o
 .debug_ranges  0x00000368      0x108 ./freertos/queue.o
 .debug_ranges  0x00000470      0x1f0 ./freertos/tasks.o
 .debug_ranges  0x00000660       0xb8 ./freertos/timers.o
 .debug_ranges  0x00000718       0x78 ./drivers/fsl_adc16.o
 .debug_ranges  0x00000790      0x1c8 ./drivers/fsl_clock.o
 .debug_ranges  0x00000958       0x80 ./drivers/fsl_dac.o
 .debug_ranges  0x000009d8       0x30 ./drivers/fsl_gpio.o
 .debug_ranges  0x00000a08      0x108 ./drivers/fsl_lpsci.o
 .debug_ranges  0x00000b10       0x38 ./drivers/fsl_lptmr.o
 .debug_ranges  0x00000b48      0x120 ./drivers/fsl_uart.o
 .debug_ranges  0x00000c68       0x18 ./board/board.o
 .debug_ranges  0x00000c80       0x48 ./board/clock_config.o
 .debug_ranges  0x00000cc8       0x30 ./board/pin_mux.o
 .debug_ranges  0x00000cf8       0x18 ./CMSIS/system_MKL25Z4.o

.debug_line     0x00000000     0x8359
 .debug_line    0x00000000      0x315 ./utilities/fsl_debug_console.o
 .debug_line    0x00000315      0x1e7 ./startup/startup_mkl25z4.o
 .debug_line    0x000004fc      0x581 ./source/freertos_tickless.o
 .debug_line    0x00000a7d       0x30 ./source/mtb.o
 .debug_line    0x00000aad       0x5a ./source/semihost_hardfault.o
 .debug_line    0x00000b07      0x3c4 ./freertos/fsl_tickless_lptmr.o
 .debug_line    0x00000ecb      0x3c6 ./freertos/heap_4.o
 .debug_line    0x00001291      0x272 ./freertos/list.o
 .debug_line    0x00001503      0x30d ./freertos/port.o
 .debug_line    0x00001810      0xbdd ./freertos/queue.o
 .debug_line    0x000023ed     0x1550 ./freertos/tasks.o
 .debug_line    0x0000393d      0x67b ./freertos/timers.o
 .debug_line    0x00003fb8      0x558 ./drivers/fsl_adc16.o
 .debug_line    0x00004510     0x1204 ./drivers/fsl_clock.o
 .debug_line    0x00005714      0x43e ./drivers/fsl_dac.o
 .debug_line    0x00005b52      0x28f ./drivers/fsl_gpio.o
 .debug_line    0x00005de1      0xc88 ./drivers/fsl_lpsci.o
 .debug_line    0x00006a69      0x2d3 ./drivers/fsl_lptmr.o
 .debug_line    0x00006d3c      0xc77 ./drivers/fsl_uart.o
 .debug_line    0x000079b3      0x1e5 ./board/board.o
 .debug_line    0x00007b98      0x2b7 ./board/clock_config.o
 .debug_line    0x00007e4f      0x262 ./board/pin_mux.o
 .debug_line    0x000080b1      0x2a8 ./CMSIS/system_MKL25Z4.o

.debug_str      0x00000000     0x6ba2
 .debug_str     0x00000000      0xb14 ./utilities/fsl_debug_console.o
                                0xb85 (size before relaxing)
 .debug_str     0x00000b14      0x394 ./startup/startup_mkl25z4.o
                                0x501 (size before relaxing)
 .debug_str     0x00000ea8     0x1581 ./source/freertos_tickless.o
                               0x1e34 (size before relaxing)
 .debug_str     0x00002429       0x1f ./source/mtb.o
                                0x18b (size before relaxing)
 .debug_str     0x00002448       0x1f ./source/semihost_hardfault.o
                                0x18b (size before relaxing)
 .debug_str     0x00002467      0x1f3 ./freertos/fsl_tickless_lptmr.o
                                0xb0a (size before relaxing)
 .debug_str     0x0000265a      0x1d3 ./freertos/heap_4.o
                                0x402 (size before relaxing)
 .debug_str     0x0000282d      0x125 ./freertos/list.o
                                0x376 (size before relaxing)
 .debug_str     0x00002952      0x130 ./freertos/port.o
                                0x3b8 (size before relaxing)
 .debug_str     0x00002a82      0x557 ./freertos/queue.o
                                0x898 (size before relaxing)
 .debug_str     0x00002fd9      0xc7c ./freertos/tasks.o
                               0x10ea (size before relaxing)
 .debug_str     0x00003c55      0x4dd ./freertos/timers.o
                                0x858 (size before relaxing)
 .debug_str     0x00004132      0x3db ./drivers/fsl_adc16.o
                               0x128a (size before relaxing)
 .debug_str     0x0000450d      0xc27 ./drivers/fsl_clock.o
                               0x182c (size before relaxing)
 .debug_str     0x00005134      0x253 ./drivers/fsl_dac.o
                                0xbdd (size before relaxing)
 .debug_str     0x00005387       0x8d ./drivers/fsl_gpio.o
                                0x853 (size before relaxing)
 .debug_str     0x00005414      0x962 ./drivers/fsl_lpsci.o
                               0x15f4 (size before relaxing)
 .debug_str     0x00005d76       0x73 ./drivers/fsl_lptmr.o
                                0xd20 (size before relaxing)
 .debug_str     0x00005de9      0x819 ./drivers/fsl_uart.o
                               0x1600 (size before relaxing)
 .debug_str     0x00006602       0x4c ./board/board.o
                                0x77f (size before relaxing)
 .debug_str     0x0000664e      0x237 ./board/clock_config.o
                                0xe13 (size before relaxing)
 .debug_str     0x00006885      0x2d6 ./board/pin_mux.o
                                0x7b5 (size before relaxing)
 .debug_str     0x00006b5b       0x47 ./CMSIS/system_MKL25Z4.o
                                0x36d (size before relaxing)

.comment        0x00000000       0x75
 .comment       0x00000000       0x75 ./utilities/fsl_debug_console.o
                                 0x76 (size before relaxing)
 .comment       0x00000075       0x76 ./startup/startup_mkl25z4.o
 .comment       0x00000075       0x76 ./source/freertos_tickless.o
 .comment       0x00000075       0x76 ./source/mtb.o
 .comment       0x00000075       0x76 ./source/semihost_hardfault.o
 .comment       0x00000075       0x76 ./freertos/fsl_tickless_lptmr.o
 .comment       0x00000075       0x76 ./freertos/heap_4.o
 .comment       0x00000075       0x76 ./freertos/list.o
 .comment       0x00000075       0x76 ./freertos/port.o
 .comment       0x00000075       0x76 ./freertos/queue.o
 .comment       0x00000075       0x76 ./freertos/tasks.o
 .comment       0x00000075       0x76 ./freertos/timers.o
 .comment       0x00000075       0x76 ./drivers/fsl_adc16.o
 .comment       0x00000075       0x76 ./drivers/fsl_clock.o
 .comment       0x00000075       0x76 ./drivers/fsl_dac.o
 .comment       0x00000075       0x76 ./drivers/fsl_gpio.o
 .comment       0x00000075       0x76 ./drivers/fsl_lpsci.o
 .comment       0x00000075       0x76 ./drivers/fsl_lptmr.o
 .comment       0x00000075       0x76 ./drivers/fsl_uart.o
 .comment       0x00000075       0x76 ./board/board.o
 .comment       0x00000075       0x76 ./board/clock_config.o
 .comment       0x00000075       0x76 ./board/pin_mux.o
 .comment       0x00000075       0x76 ./CMSIS/system_MKL25Z4.o
 .comment       0x00000075       0x76 c:/nxp/mcuxpressoide_11.0.1_2563/ide/plugins/com.nxp.mcuxpresso.tools.win32_11.0.1.201907311258/tools/bin/../lib/gcc/arm-none-eabi/8.2.1/../../../../arm-none-eabi/lib/thumb/v6-m/nofp\libcr_semihost_nf.a(_cr__main.o)
 .comment       0x00000075       0x76 c:/nxp/mcuxpressoide_11.0.1_2563/ide/plugins/com.nxp.mcuxpresso.tools.win32_11.0.1.201907311258/tools/bin/../lib/gcc/arm-none-eabi/8.2.1/../../../../arm-none-eabi/lib/thumb/v6-m/nofp\libcr_semihost_nf.a(_cr_assert.o)
 .comment       0x00000075       0x76 c:/nxp/mcuxpressoide_11.0.1_2563/ide/plugins/com.nxp.mcuxpresso.tools.win32_11.0.1.201907311258/tools/bin/../lib/gcc/arm-none-eabi/8.2.1/../../../../arm-none-eabi/lib/thumb/v6-m/nofp\libcr_semihost_nf.a(__ciob.o)
 .comment       0x00000075       0x76 c:/nxp/mcuxpressoide_11.0.1_2563/ide/plugins/com.nxp.mcuxpresso.tools.win32_11.0.1.201907311258/tools/bin/../lib/gcc/arm-none-eabi/8.2.1/../../../../arm-none-eabi/lib/thumb/v6-m/nofp\libcr_c.a(memcpy.o)
 .comment       0x00000075       0x76 c:/nxp/mcuxpressoide_11.0.1_2563/ide/plugins/com.nxp.mcuxpresso.tools.win32_11.0.1.201907311258/tools/bin/../lib/gcc/arm-none-eabi/8.2.1/../../../../arm-none-eabi/lib/thumb/v6-m/nofp\libcr_c.a(memset.o)
 .comment       0x00000075       0x76 c:/nxp/mcuxpressoide_11.0.1_2563/ide/plugins/com.nxp.mcuxpresso.tools.win32_11.0.1.201907311258/tools/bin/../lib/gcc/arm-none-eabi/8.2.1/../../../../arm-none-eabi/lib/thumb/v6-m/nofp\libcr_c.a(_deferredlazyseek.o)
 .comment       0x00000075       0x76 c:/nxp/mcuxpressoide_11.0.1_2563/ide/plugins/com.nxp.mcuxpresso.tools.win32_11.0.1.201907311258/tools/bin/../lib/gcc/arm-none-eabi/8.2.1/../../../../arm-none-eabi/lib/thumb/v6-m/nofp\libcr_c.a(_fflush.o)
 .comment       0x00000075       0x76 c:/nxp/mcuxpressoide_11.0.1_2563/ide/plugins/com.nxp.mcuxpresso.tools.win32_11.0.1.201907311258/tools/bin/../lib/gcc/arm-none-eabi/8.2.1/../../../../arm-none-eabi/lib/thumb/v6-m/nofp\libcr_c.a(_writebuf.o)
 .comment       0x00000075       0x76 c:/nxp/mcuxpressoide_11.0.1_2563/ide/plugins/com.nxp.mcuxpresso.tools.win32_11.0.1.201907311258/tools/bin/../lib/gcc/arm-none-eabi/8.2.1/../../../../arm-none-eabi/lib/thumb/v6-m/nofp\libcr_c.a(alloc.o)
 .comment       0x00000075       0x76 c:/nxp/mcuxpressoide_11.0.1_2563/ide/plugins/com.nxp.mcuxpresso.tools.win32_11.0.1.201907311258/tools/bin/../lib/gcc/arm-none-eabi/8.2.1/../../../../arm-none-eabi/lib/thumb/v6-m/nofp\libcr_c.a(fputs.o)
 .comment       0x00000075       0x76 c:/nxp/mcuxpressoide_11.0.1_2563/ide/plugins/com.nxp.mcuxpresso.tools.win32_11.0.1.201907311258/tools/bin/../lib/gcc/arm-none-eabi/8.2.1/../../../../arm-none-eabi/lib/thumb/v6-m/nofp\libcr_c.a(fseek.o)
 .comment       0x00000075       0x76 c:/nxp/mcuxpressoide_11.0.1_2563/ide/plugins/com.nxp.mcuxpresso.tools.win32_11.0.1.201907311258/tools/bin/../lib/gcc/arm-none-eabi/8.2.1/../../../../arm-none-eabi/lib/thumb/v6-m/nofp\libcr_c.a(ftell.o)
 .comment       0x00000075       0x76 c:/nxp/mcuxpressoide_11.0.1_2563/ide/plugins/com.nxp.mcuxpresso.tools.win32_11.0.1.201907311258/tools/bin/../lib/gcc/arm-none-eabi/8.2.1/../../../../arm-none-eabi/lib/thumb/v6-m/nofp\libcr_c.a(initio.o)
 .comment       0x00000075       0x76 c:/nxp/mcuxpressoide_11.0.1_2563/ide/plugins/com.nxp.mcuxpresso.tools.win32_11.0.1.201907311258/tools/bin/../lib/gcc/arm-none-eabi/8.2.1/../../../../arm-none-eabi/lib/thumb/v6-m/nofp\libcr_c.a(printf.o)
 .comment       0x00000075       0x76 c:/nxp/mcuxpressoide_11.0.1_2563/ide/plugins/com.nxp.mcuxpresso.tools.win32_11.0.1.201907311258/tools/bin/../lib/gcc/arm-none-eabi/8.2.1/../../../../arm-none-eabi/lib/thumb/v6-m/nofp\libcr_c.a(setvbuf.o)
 .comment       0x00000075       0x76 c:/nxp/mcuxpressoide_11.0.1_2563/ide/plugins/com.nxp.mcuxpresso.tools.win32_11.0.1.201907311258/tools/bin/../lib/gcc/arm-none-eabi/8.2.1/../../../../arm-none-eabi/lib/thumb/v6-m/nofp\libcr_c.a(strlen.o)
 .comment       0x00000075       0x76 c:/nxp/mcuxpressoide_11.0.1_2563/ide/plugins/com.nxp.mcuxpresso.tools.win32_11.0.1.201907311258/tools/bin/../lib/gcc/arm-none-eabi/8.2.1/../../../../arm-none-eabi/lib/thumb/v6-m/nofp\libcr_c.a(__init_alloc.o)
 .comment       0x00000075       0x76 c:/nxp/mcuxpressoide_11.0.1_2563/ide/plugins/com.nxp.mcuxpresso.tools.win32_11.0.1.201907311258/tools/bin/../lib/gcc/arm-none-eabi/8.2.1/../../../../arm-none-eabi/lib/thumb/v6-m/nofp\libcr_c.a(_cr_sbrk.o)
 .comment       0x00000075       0x76 c:/nxp/mcuxpressoide_11.0.1_2563/ide/plugins/com.nxp.mcuxpresso.tools.win32_11.0.1.201907311258/tools/bin/../lib/gcc/arm-none-eabi/8.2.1/../../../../arm-none-eabi/lib/thumb/v6-m/nofp\libcr_c.a(_fdopen.o)
 .comment       0x00000075       0x76 c:/nxp/mcuxpressoide_11.0.1_2563/ide/plugins/com.nxp.mcuxpresso.tools.win32_11.0.1.201907311258/tools/bin/../lib/gcc/arm-none-eabi/8.2.1/../../../../arm-none-eabi/lib/thumb/v6-m/nofp\libcr_c.a(errno.o)
 .comment       0x00000075       0x76 c:/nxp/mcuxpressoide_11.0.1_2563/ide/plugins/com.nxp.mcuxpresso.tools.win32_11.0.1.201907311258/tools/bin/../lib/gcc/arm-none-eabi/8.2.1/../../../../arm-none-eabi/lib/thumb/v6-m/nofp\libcr_c.a(fclose.o)
 .comment       0x00000075       0x76 c:/nxp/mcuxpressoide_11.0.1_2563/ide/plugins/com.nxp.mcuxpresso.tools.win32_11.0.1.201907311258/tools/bin/../lib/gcc/arm-none-eabi/8.2.1/../../../../arm-none-eabi/lib/thumb/v6-m/nofp\libcr_c.a(fflush.o)
 .comment       0x00000075       0x76 c:/nxp/mcuxpressoide_11.0.1_2563/ide/plugins/com.nxp.mcuxpresso.tools.win32_11.0.1.201907311258/tools/bin/../lib/gcc/arm-none-eabi/8.2.1/../../../../arm-none-eabi/lib/thumb/v6-m/nofp\libcr_c.a(remove.o)
 .comment       0x00000075       0x76 c:/nxp/mcuxpressoide_11.0.1_2563/ide/plugins/com.nxp.mcuxpresso.tools.win32_11.0.1.201907311258/tools/bin/../lib/gcc/arm-none-eabi/8.2.1/../../../../arm-none-eabi/lib/thumb/v6-m/nofp\libcr_c.a(_cr_check_heap.o)
 .comment       0x00000075       0x76 c:/nxp/mcuxpressoide_11.0.1_2563/ide/plugins/com.nxp.mcuxpresso.tools.win32_11.0.1.201907311258/tools/bin/../lib/gcc/arm-none-eabi/8.2.1/../../../../arm-none-eabi/lib/thumb/v6-m/nofp\libcr_c.a(_do_fflush.o)

.ARM.attributes
                0x00000000       0x2a
 .ARM.attributes
                0x00000000       0x2c ./utilities/fsl_debug_console.o
 .ARM.attributes
                0x0000002c       0x2c ./startup/startup_mkl25z4.o
 .ARM.attributes
                0x00000058       0x2c ./source/freertos_tickless.o
 .ARM.attributes
                0x00000084       0x32 ./source/mtb.o
 .ARM.attributes
                0x000000b6       0x2c ./source/semihost_hardfault.o
 .ARM.attributes
                0x000000e2       0x2c ./freertos/fsl_tickless_lptmr.o
 .ARM.attributes
                0x0000010e       0x2c ./freertos/heap_4.o
 .ARM.attributes
                0x0000013a       0x2c ./freertos/list.o
 .ARM.attributes
                0x00000166       0x2c ./freertos/port.o
 .ARM.attributes
                0x00000192       0x2c ./freertos/queue.o
 .ARM.attributes
                0x000001be       0x2c ./freertos/tasks.o
 .ARM.attributes
                0x000001ea       0x2c ./freertos/timers.o
 .ARM.attributes
                0x00000216       0x2c ./drivers/fsl_adc16.o
 .ARM.attributes
                0x00000242       0x2c ./drivers/fsl_clock.o
 .ARM.attributes
                0x0000026e       0x2c ./drivers/fsl_dac.o
 .ARM.attributes
                0x0000029a       0x2c ./drivers/fsl_gpio.o
 .ARM.attributes
                0x000002c6       0x2c ./drivers/fsl_lpsci.o
 .ARM.attributes
                0x000002f2       0x2c ./drivers/fsl_lptmr.o
 .ARM.attributes
                0x0000031e       0x2c ./drivers/fsl_uart.o
 .ARM.attributes
                0x0000034a       0x2c ./board/board.o
 .ARM.attributes
                0x00000376       0x2c ./board/clock_config.o
 .ARM.attributes
                0x000003a2       0x2c ./board/pin_mux.o
 .ARM.attributes
                0x000003ce       0x2c ./CMSIS/system_MKL25Z4.o
 .ARM.attributes
                0x000003fa       0x2c c:/nxp/mcuxpressoide_11.0.1_2563/ide/plugins/com.nxp.mcuxpresso.tools.win32_11.0.1.201907311258/tools/bin/../lib/gcc/arm-none-eabi/8.2.1/../../../../arm-none-eabi/lib/thumb/v6-m/nofp\libcr_semihost_nf.a(_cr__main.o)
 .ARM.attributes
                0x00000426       0x2c c:/nxp/mcuxpressoide_11.0.1_2563/ide/plugins/com.nxp.mcuxpresso.tools.win32_11.0.1.201907311258/tools/bin/../lib/gcc/arm-none-eabi/8.2.1/../../../../arm-none-eabi/lib/thumb/v6-m/nofp\libcr_semihost_nf.a(_cr_assert.o)
 .ARM.attributes
                0x00000452       0x31 c:/nxp/mcuxpressoide_11.0.1_2563/ide/plugins/com.nxp.mcuxpresso.tools.win32_11.0.1.201907311258/tools/bin/../lib/gcc/arm-none-eabi/8.2.1/../../../../arm-none-eabi/lib/thumb/v6-m/nofp\libcr_semihost_nf.a(__ciob.o)
 .ARM.attributes
                0x00000483       0x1c c:/nxp/mcuxpressoide_11.0.1_2563/ide/plugins/com.nxp.mcuxpresso.tools.win32_11.0.1.201907311258/tools/bin/../lib/gcc/arm-none-eabi/8.2.1/../../../../arm-none-eabi/lib/thumb/v6-m/nofp\libcr_semihost_nf.a(__sys_appexit.o)
 .ARM.attributes
                0x0000049f       0x2c c:/nxp/mcuxpressoide_11.0.1_2563/ide/plugins/com.nxp.mcuxpresso.tools.win32_11.0.1.201907311258/tools/bin/../lib/gcc/arm-none-eabi/8.2.1/../../../../arm-none-eabi/lib/thumb/v6-m/nofp\libcr_c.a(memcpy.o)
 .ARM.attributes
                0x000004cb       0x2c c:/nxp/mcuxpressoide_11.0.1_2563/ide/plugins/com.nxp.mcuxpresso.tools.win32_11.0.1.201907311258/tools/bin/../lib/gcc/arm-none-eabi/8.2.1/../../../../arm-none-eabi/lib/thumb/v6-m/nofp\libcr_c.a(memset.o)
 .ARM.attributes
                0x000004f7       0x2c c:/nxp/mcuxpressoide_11.0.1_2563/ide/plugins/com.nxp.mcuxpresso.tools.win32_11.0.1.201907311258/tools/bin/../lib/gcc/arm-none-eabi/8.2.1/../../../../arm-none-eabi/lib/thumb/v6-m/nofp\libcr_c.a(_deferredlazyseek.o)
 .ARM.attributes
                0x00000523       0x2c c:/nxp/mcuxpressoide_11.0.1_2563/ide/plugins/com.nxp.mcuxpresso.tools.win32_11.0.1.201907311258/tools/bin/../lib/gcc/arm-none-eabi/8.2.1/../../../../arm-none-eabi/lib/thumb/v6-m/nofp\libcr_c.a(_fflush.o)
 .ARM.attributes
                0x0000054f       0x2c c:/nxp/mcuxpressoide_11.0.1_2563/ide/plugins/com.nxp.mcuxpresso.tools.win32_11.0.1.201907311258/tools/bin/../lib/gcc/arm-none-eabi/8.2.1/../../../../arm-none-eabi/lib/thumb/v6-m/nofp\libcr_c.a(_writebuf.o)
 .ARM.attributes
                0x0000057b       0x2c c:/nxp/mcuxpressoide_11.0.1_2563/ide/plugins/com.nxp.mcuxpresso.tools.win32_11.0.1.201907311258/tools/bin/../lib/gcc/arm-none-eabi/8.2.1/../../../../arm-none-eabi/lib/thumb/v6-m/nofp\libcr_c.a(alloc.o)
 .ARM.attributes
                0x000005a7       0x2c c:/nxp/mcuxpressoide_11.0.1_2563/ide/plugins/com.nxp.mcuxpresso.tools.win32_11.0.1.201907311258/tools/bin/../lib/gcc/arm-none-eabi/8.2.1/../../../../arm-none-eabi/lib/thumb/v6-m/nofp\libcr_c.a(fputs.o)
 .ARM.attributes
                0x000005d3       0x2c c:/nxp/mcuxpressoide_11.0.1_2563/ide/plugins/com.nxp.mcuxpresso.tools.win32_11.0.1.201907311258/tools/bin/../lib/gcc/arm-none-eabi/8.2.1/../../../../arm-none-eabi/lib/thumb/v6-m/nofp\libcr_c.a(fseek.o)
 .ARM.attributes
                0x000005ff       0x2c c:/nxp/mcuxpressoide_11.0.1_2563/ide/plugins/com.nxp.mcuxpresso.tools.win32_11.0.1.201907311258/tools/bin/../lib/gcc/arm-none-eabi/8.2.1/../../../../arm-none-eabi/lib/thumb/v6-m/nofp\libcr_c.a(ftell.o)
 .ARM.attributes
                0x0000062b       0x2c c:/nxp/mcuxpressoide_11.0.1_2563/ide/plugins/com.nxp.mcuxpresso.tools.win32_11.0.1.201907311258/tools/bin/../lib/gcc/arm-none-eabi/8.2.1/../../../../arm-none-eabi/lib/thumb/v6-m/nofp\libcr_c.a(initio.o)
 .ARM.attributes
                0x00000657       0x2c c:/nxp/mcuxpressoide_11.0.1_2563/ide/plugins/com.nxp.mcuxpresso.tools.win32_11.0.1.201907311258/tools/bin/../lib/gcc/arm-none-eabi/8.2.1/../../../../arm-none-eabi/lib/thumb/v6-m/nofp\libcr_c.a(printf.o)
 .ARM.attributes
                0x00000683       0x2c c:/nxp/mcuxpressoide_11.0.1_2563/ide/plugins/com.nxp.mcuxpresso.tools.win32_11.0.1.201907311258/tools/bin/../lib/gcc/arm-none-eabi/8.2.1/../../../../arm-none-eabi/lib/thumb/v6-m/nofp\libcr_c.a(setvbuf.o)
 .ARM.attributes
                0x000006af       0x2c c:/nxp/mcuxpressoide_11.0.1_2563/ide/plugins/com.nxp.mcuxpresso.tools.win32_11.0.1.201907311258/tools/bin/../lib/gcc/arm-none-eabi/8.2.1/../../../../arm-none-eabi/lib/thumb/v6-m/nofp\libcr_c.a(strlen.o)
 .ARM.attributes
                0x000006db       0x2c c:/nxp/mcuxpressoide_11.0.1_2563/ide/plugins/com.nxp.mcuxpresso.tools.win32_11.0.1.201907311258/tools/bin/../lib/gcc/arm-none-eabi/8.2.1/../../../../arm-none-eabi/lib/thumb/v6-m/nofp\libcr_c.a(__init_alloc.o)
 .ARM.attributes
                0x00000707       0x2c c:/nxp/mcuxpressoide_11.0.1_2563/ide/plugins/com.nxp.mcuxpresso.tools.win32_11.0.1.201907311258/tools/bin/../lib/gcc/arm-none-eabi/8.2.1/../../../../arm-none-eabi/lib/thumb/v6-m/nofp\libcr_c.a(_cr_sbrk.o)
 .ARM.attributes
                0x00000733       0x2c c:/nxp/mcuxpressoide_11.0.1_2563/ide/plugins/com.nxp.mcuxpresso.tools.win32_11.0.1.201907311258/tools/bin/../lib/gcc/arm-none-eabi/8.2.1/../../../../arm-none-eabi/lib/thumb/v6-m/nofp\libcr_c.a(_fdopen.o)
 .ARM.attributes
                0x0000075f       0x31 c:/nxp/mcuxpressoide_11.0.1_2563/ide/plugins/com.nxp.mcuxpresso.tools.win32_11.0.1.201907311258/tools/bin/../lib/gcc/arm-none-eabi/8.2.1/../../../../arm-none-eabi/lib/thumb/v6-m/nofp\libcr_c.a(errno.o)
 .ARM.attributes
                0x00000790       0x2c c:/nxp/mcuxpressoide_11.0.1_2563/ide/plugins/com.nxp.mcuxpresso.tools.win32_11.0.1.201907311258/tools/bin/../lib/gcc/arm-none-eabi/8.2.1/../../../../arm-none-eabi/lib/thumb/v6-m/nofp\libcr_c.a(fclose.o)
 .ARM.attributes
                0x000007bc       0x2c c:/nxp/mcuxpressoide_11.0.1_2563/ide/plugins/com.nxp.mcuxpresso.tools.win32_11.0.1.201907311258/tools/bin/../lib/gcc/arm-none-eabi/8.2.1/../../../../arm-none-eabi/lib/thumb/v6-m/nofp\libcr_c.a(fflush.o)
 .ARM.attributes
                0x000007e8       0x2c c:/nxp/mcuxpressoide_11.0.1_2563/ide/plugins/com.nxp.mcuxpresso.tools.win32_11.0.1.201907311258/tools/bin/../lib/gcc/arm-none-eabi/8.2.1/../../../../arm-none-eabi/lib/thumb/v6-m/nofp\libcr_c.a(remove.o)
 .ARM.attributes
                0x00000814       0x2c c:/nxp/mcuxpressoide_11.0.1_2563/ide/plugins/com.nxp.mcuxpresso.tools.win32_11.0.1.201907311258/tools/bin/../lib/gcc/arm-none-eabi/8.2.1/../../../../arm-none-eabi/lib/thumb/v6-m/nofp\libcr_c.a(_cr_check_heap.o)
 .ARM.attributes
                0x00000840       0x2c c:/nxp/mcuxpressoide_11.0.1_2563/ide/plugins/com.nxp.mcuxpresso.tools.win32_11.0.1.201907311258/tools/bin/../lib/gcc/arm-none-eabi/8.2.1/../../../../arm-none-eabi/lib/thumb/v6-m/nofp\libcr_c.a(_do_fflush.o)
 .ARM.attributes
                0x0000086c       0x1c c:/nxp/mcuxpressoide_11.0.1_2563/ide/plugins/com.nxp.mcuxpresso.tools.win32_11.0.1.201907311258/tools/bin/../lib/gcc/arm-none-eabi/8.2.1/thumb/v6-m/nofp\libcr_eabihelpers.a(division_32.o)
 .ARM.attributes
                0x00000888       0x1c c:/nxp/mcuxpressoide_11.0.1_2563/ide/plugins/com.nxp.mcuxpresso.tools.win32_11.0.1.201907311258/tools/bin/../lib/gcc/arm-none-eabi/8.2.1/thumb/v6-m/nofp\libcr_eabihelpers.a(division_idiv0.o)
 .ARM.attributes
                0x000008a4       0x1c c:/nxp/mcuxpressoide_11.0.1_2563/ide/plugins/com.nxp.mcuxpresso.tools.win32_11.0.1.201907311258/tools/bin/../lib/gcc/arm-none-eabi/8.2.1/thumb/v6-m/nofp\libcr_eabihelpers.a(llong.o)
 .ARM.attributes
                0x000008c0       0x1c c:/nxp/mcuxpressoide_11.0.1_2563/ide/plugins/com.nxp.mcuxpresso.tools.win32_11.0.1.201907311258/tools/bin/../lib/gcc/arm-none-eabi/8.2.1/thumb/v6-m/nofp\libcr_eabihelpers.a(memcpy.o)
 .ARM.attributes
                0x000008dc       0x1c c:/nxp/mcuxpressoide_11.0.1_2563/ide/plugins/com.nxp.mcuxpresso.tools.win32_11.0.1.201907311258/tools/bin/../lib/gcc/arm-none-eabi/8.2.1/../../../../arm-none-eabi/lib/thumb/v6-m/nofp\libcr_semihost_nf.a(__sys_close.o)
 .ARM.attributes
                0x000008f8       0x1c c:/nxp/mcuxpressoide_11.0.1_2563/ide/plugins/com.nxp.mcuxpresso.tools.win32_11.0.1.201907311258/tools/bin/../lib/gcc/arm-none-eabi/8.2.1/../../../../arm-none-eabi/lib/thumb/v6-m/nofp\libcr_semihost_nf.a(__sys_flen.o)
 .ARM.attributes
                0x00000914       0x1c c:/nxp/mcuxpressoide_11.0.1_2563/ide/plugins/com.nxp.mcuxpresso.tools.win32_11.0.1.201907311258/tools/bin/../lib/gcc/arm-none-eabi/8.2.1/../../../../arm-none-eabi/lib/thumb/v6-m/nofp\libcr_semihost_nf.a(__sys_istty.o)
 .ARM.attributes
                0x00000930       0x1c c:/nxp/mcuxpressoide_11.0.1_2563/ide/plugins/com.nxp.mcuxpresso.tools.win32_11.0.1.201907311258/tools/bin/../lib/gcc/arm-none-eabi/8.2.1/../../../../arm-none-eabi/lib/thumb/v6-m/nofp\libcr_semihost_nf.a(__sys_remove.o)
 .ARM.attributes
                0x0000094c       0x1c c:/nxp/mcuxpressoide_11.0.1_2563/ide/plugins/com.nxp.mcuxpresso.tools.win32_11.0.1.201907311258/tools/bin/../lib/gcc/arm-none-eabi/8.2.1/../../../../arm-none-eabi/lib/thumb/v6-m/nofp\libcr_semihost_nf.a(__sys_seek.o)
 .ARM.attributes
                0x00000968       0x1c c:/nxp/mcuxpressoide_11.0.1_2563/ide/plugins/com.nxp.mcuxpresso.tools.win32_11.0.1.201907311258/tools/bin/../lib/gcc/arm-none-eabi/8.2.1/../../../../arm-none-eabi/lib/thumb/v6-m/nofp\libcr_semihost_nf.a(__sys_tmpnam.o)
 .ARM.attributes
                0x00000984       0x1c c:/nxp/mcuxpressoide_11.0.1_2563/ide/plugins/com.nxp.mcuxpresso.tools.win32_11.0.1.201907311258/tools/bin/../lib/gcc/arm-none-eabi/8.2.1/../../../../arm-none-eabi/lib/thumb/v6-m/nofp\libcr_semihost_nf.a(__sys_write.o)

.debug_frame    0x00000000     0x3068
 .debug_frame   0x00000000       0xcc ./utilities/fsl_debug_console.o
 .debug_frame   0x000000cc      0x3b0 ./startup/startup_mkl25z4.o
 .debug_frame   0x0000047c      0x260 ./source/freertos_tickless.o
 .debug_frame   0x000006dc       0x20 ./source/semihost_hardfault.o
 .debug_frame   0x000006fc      0x128 ./freertos/fsl_tickless_lptmr.o
 .debug_frame   0x00000824       0xe4 ./freertos/heap_4.o
 .debug_frame   0x00000908       0xb0 ./freertos/list.o
 .debug_frame   0x000009b8      0x154 ./freertos/port.o
 .debug_frame   0x00000b0c      0x410 ./freertos/queue.o
 .debug_frame   0x00000f1c      0x79c ./freertos/tasks.o
 .debug_frame   0x000016b8      0x2c8 ./freertos/timers.o
 .debug_frame   0x00001980      0x1d0 ./drivers/fsl_adc16.o
 .debug_frame   0x00001b50      0x6e0 ./drivers/fsl_clock.o
 .debug_frame   0x00002230      0x1f0 ./drivers/fsl_dac.o
 .debug_frame   0x00002420       0xb0 ./drivers/fsl_gpio.o
 .debug_frame   0x000024d0      0x418 ./drivers/fsl_lpsci.o
 .debug_frame   0x000028e8       0xd0 ./drivers/fsl_lptmr.o
 .debug_frame   0x000029b8      0x468 ./drivers/fsl_uart.o
 .debug_frame   0x00002e20       0x50 ./board/board.o
 .debug_frame   0x00002e70      0x100 ./board/clock_config.o
 .debug_frame   0x00002f70       0xac ./board/pin_mux.o
 .debug_frame   0x0000301c       0x4c ./CMSIS/system_MKL25Z4.o

Cross Reference Table

Symbol                                            File
ADC0_DriverIRQHandler                             ./startup/startup_mkl25z4.o
ADC0_IRQHandler                                   ./startup/startup_mkl25z4.o
ADC16_ClearStatusFlags                            ./drivers/fsl_adc16.o
ADC16_Deinit                                      ./drivers/fsl_adc16.o
ADC16_DoAutoCalibration                           ./drivers/fsl_adc16.o
                                                  ./source/freertos_tickless.o
ADC16_GetChannelStatusFlags                       ./drivers/fsl_adc16.o
                                                  ./source/freertos_tickless.o
ADC16_GetDefaultConfig                            ./drivers/fsl_adc16.o
                                                  ./source/freertos_tickless.o
ADC16_GetStatusFlags                              ./drivers/fsl_adc16.o
ADC16_Init                                        ./drivers/fsl_adc16.o
                                                  ./source/freertos_tickless.o
ADC16_SetChannelConfig                            ./drivers/fsl_adc16.o
                                                  ./source/freertos_tickless.o
ADC16_SetChannelMuxMode                           ./drivers/fsl_adc16.o
ADC16_SetHardwareAverage                          ./drivers/fsl_adc16.o
ADC16_SetHardwareCompareConfig                    ./drivers/fsl_adc16.o
ADC_Buffer                                        ./source/freertos_tickless.o
ADC_Init                                          ./source/freertos_tickless.o
BOARD_BootClockRUN                                ./board/clock_config.o
                                                  ./source/freertos_tickless.o
BOARD_BootClockVLPR                               ./board/clock_config.o
BOARD_InitBootClocks                              ./board/clock_config.o
BOARD_InitBootPins                                ./board/pin_mux.o
BOARD_InitDebugConsole                            ./board/board.o
                                                  ./source/freertos_tickless.o
BOARD_InitPins                                    ./board/pin_mux.o
                                                  ./source/freertos_tickless.o
CLOCK_BootToBlpeMode                              ./drivers/fsl_clock.o
CLOCK_BootToBlpiMode                              ./drivers/fsl_clock.o
                                                  ./board/clock_config.o
CLOCK_BootToFeeMode                               ./drivers/fsl_clock.o
CLOCK_BootToFeiMode                               ./drivers/fsl_clock.o
CLOCK_BootToPeeMode                               ./drivers/fsl_clock.o
                                                  ./board/clock_config.o
CLOCK_CalcPllDiv                                  ./drivers/fsl_clock.o
CLOCK_ClearStatusFlags                            ./drivers/fsl_clock.o
CLOCK_DeinitOsc0                                  ./drivers/fsl_clock.o
CLOCK_EnablePll0                                  ./drivers/fsl_clock.o
CLOCK_EnableUsbfs0Clock                           ./drivers/fsl_clock.o
CLOCK_ExternalModeToFbeModeQuick                  ./drivers/fsl_clock.o
CLOCK_FllStableDelay                              ./drivers/fsl_clock.o
CLOCK_GetBusClkFreq                               ./drivers/fsl_clock.o
CLOCK_GetCoreSysClkFreq                           ./drivers/fsl_clock.o
CLOCK_GetEr32kClkFreq                             ./drivers/fsl_clock.o
CLOCK_GetFixedFreqClkFreq                         ./drivers/fsl_clock.o
CLOCK_GetFlashClkFreq                             ./drivers/fsl_clock.o
CLOCK_GetFllFreq                                  ./drivers/fsl_clock.o
CLOCK_GetFreq                                     ./drivers/fsl_clock.o
CLOCK_GetInternalRefClkFreq                       ./drivers/fsl_clock.o
CLOCK_GetMode                                     ./drivers/fsl_clock.o
CLOCK_GetOsc0ErClkFreq                            ./drivers/fsl_clock.o
CLOCK_GetOutClkFreq                               ./drivers/fsl_clock.o
CLOCK_GetPlatClkFreq                              ./drivers/fsl_clock.o
CLOCK_GetPll0Freq                                 ./drivers/fsl_clock.o
CLOCK_GetPllFllSelClkFreq                         ./drivers/fsl_clock.o
                                                  ./board/board.o
CLOCK_GetStatusFlags                              ./drivers/fsl_clock.o
CLOCK_InitOsc0                                    ./drivers/fsl_clock.o
                                                  ./board/clock_config.o
CLOCK_InternalModeToFbiModeQuick                  ./drivers/fsl_clock.o
CLOCK_SetBlpeMode                                 ./drivers/fsl_clock.o
CLOCK_SetBlpiMode                                 ./drivers/fsl_clock.o
CLOCK_SetExternalRefClkConfig                     ./drivers/fsl_clock.o
CLOCK_SetFbeMode                                  ./drivers/fsl_clock.o
CLOCK_SetFbiMode                                  ./drivers/fsl_clock.o
CLOCK_SetFeeMode                                  ./drivers/fsl_clock.o
CLOCK_SetFeiMode                                  ./drivers/fsl_clock.o
CLOCK_SetInternalRefClkConfig                     ./drivers/fsl_clock.o
                                                  ./board/clock_config.o
CLOCK_SetMcgConfig                                ./drivers/fsl_clock.o
CLOCK_SetOsc0MonitorMode                          ./drivers/fsl_clock.o
CLOCK_SetPbeMode                                  ./drivers/fsl_clock.o
CLOCK_SetPeeMode                                  ./drivers/fsl_clock.o
CLOCK_SetPll0MonitorMode                          ./drivers/fsl_clock.o
CLOCK_SetSimConfig                                ./drivers/fsl_clock.o
                                                  ./board/clock_config.o
CLOCK_TrimInternalRefClk                          ./drivers/fsl_clock.o
CMP0_DriverIRQHandler                             ./startup/startup_mkl25z4.o
CMP0_IRQHandler                                   ./startup/startup_mkl25z4.o
DAC0_DriverIRQHandler                             ./startup/startup_mkl25z4.o
DAC0_IRQHandler                                   ./startup/startup_mkl25z4.o
DAC_ClearBufferStatusFlags                        ./drivers/fsl_dac.o
DAC_Deinit                                        ./drivers/fsl_dac.o
DAC_DisableBufferInterrupts                       ./drivers/fsl_dac.o
DAC_EnableBufferInterrupts                        ./drivers/fsl_dac.o
DAC_GetBufferStatusFlags                          ./drivers/fsl_dac.o
DAC_GetDefaultBufferConfig                        ./drivers/fsl_dac.o
DAC_GetDefaultConfig                              ./drivers/fsl_dac.o
                                                  ./source/freertos_tickless.o
DAC_Init                                          ./drivers/fsl_dac.o
                                                  ./source/freertos_tickless.o
DAC_SetBufferConfig                               ./drivers/fsl_dac.o